Archive member included to satisfy reference by file (symbol)

D:/tools/stm32ide/STM32CubeIDE_1.13.1/STM32CubeIDE/plugins/com.st.stm32cube.ide.mcu.externaltools.gnu-tools-for-stm32.11.3.rel1.win32_1.1.0.202305231506/tools/bin/../lib/gcc/arm-none-eabi/11.3.1/../../../../arm-none-eabi/lib/thumb/v7e-m+fp/hard\libc_nano.a(libc_a-exit.o)
                              D:/tools/stm32ide/STM32CubeIDE_1.13.1/STM32CubeIDE/plugins/com.st.stm32cube.ide.mcu.externaltools.gnu-tools-for-stm32.11.3.rel1.win32_1.1.0.202305231506/tools/bin/../lib/gcc/arm-none-eabi/11.3.1/../../../../arm-none-eabi/lib/thumb/v7e-m+fp/hard/crt0.o (exit)
D:/tools/stm32ide/STM32CubeIDE_1.13.1/STM32CubeIDE/plugins/com.st.stm32cube.ide.mcu.externaltools.gnu-tools-for-stm32.11.3.rel1.win32_1.1.0.202305231506/tools/bin/../lib/gcc/arm-none-eabi/11.3.1/../../../../arm-none-eabi/lib/thumb/v7e-m+fp/hard\libc_nano.a(libc_a-findfp.o)
                              D:/tools/stm32ide/STM32CubeIDE_1.13.1/STM32CubeIDE/plugins/com.st.stm32cube.ide.mcu.externaltools.gnu-tools-for-stm32.11.3.rel1.win32_1.1.0.202305231506/tools/bin/../lib/gcc/arm-none-eabi/11.3.1/../../../../arm-none-eabi/lib/thumb/v7e-m+fp/hard\libc_nano.a(libc_a-exit.o) (__stdio_exit_handler)
D:/tools/stm32ide/STM32CubeIDE_1.13.1/STM32CubeIDE/plugins/com.st.stm32cube.ide.mcu.externaltools.gnu-tools-for-stm32.11.3.rel1.win32_1.1.0.202305231506/tools/bin/../lib/gcc/arm-none-eabi/11.3.1/../../../../arm-none-eabi/lib/thumb/v7e-m+fp/hard\libc_nano.a(libc_a-fwalk.o)
                              D:/tools/stm32ide/STM32CubeIDE_1.13.1/STM32CubeIDE/plugins/com.st.stm32cube.ide.mcu.externaltools.gnu-tools-for-stm32.11.3.rel1.win32_1.1.0.202305231506/tools/bin/../lib/gcc/arm-none-eabi/11.3.1/../../../../arm-none-eabi/lib/thumb/v7e-m+fp/hard\libc_nano.a(libc_a-findfp.o) (_fwalk_sglue)
D:/tools/stm32ide/STM32CubeIDE_1.13.1/STM32CubeIDE/plugins/com.st.stm32cube.ide.mcu.externaltools.gnu-tools-for-stm32.11.3.rel1.win32_1.1.0.202305231506/tools/bin/../lib/gcc/arm-none-eabi/11.3.1/../../../../arm-none-eabi/lib/thumb/v7e-m+fp/hard\libc_nano.a(libc_a-puts.o)
                              ./Core/Src/main.o (puts)
D:/tools/stm32ide/STM32CubeIDE_1.13.1/STM32CubeIDE/plugins/com.st.stm32cube.ide.mcu.externaltools.gnu-tools-for-stm32.11.3.rel1.win32_1.1.0.202305231506/tools/bin/../lib/gcc/arm-none-eabi/11.3.1/../../../../arm-none-eabi/lib/thumb/v7e-m+fp/hard\libc_nano.a(libc_a-stdio.o)
                              D:/tools/stm32ide/STM32CubeIDE_1.13.1/STM32CubeIDE/plugins/com.st.stm32cube.ide.mcu.externaltools.gnu-tools-for-stm32.11.3.rel1.win32_1.1.0.202305231506/tools/bin/../lib/gcc/arm-none-eabi/11.3.1/../../../../arm-none-eabi/lib/thumb/v7e-m+fp/hard\libc_nano.a(libc_a-findfp.o) (__sread)
D:/tools/stm32ide/STM32CubeIDE_1.13.1/STM32CubeIDE/plugins/com.st.stm32cube.ide.mcu.externaltools.gnu-tools-for-stm32.11.3.rel1.win32_1.1.0.202305231506/tools/bin/../lib/gcc/arm-none-eabi/11.3.1/../../../../arm-none-eabi/lib/thumb/v7e-m+fp/hard\libc_nano.a(libc_a-wbuf.o)
                              D:/tools/stm32ide/STM32CubeIDE_1.13.1/STM32CubeIDE/plugins/com.st.stm32cube.ide.mcu.externaltools.gnu-tools-for-stm32.11.3.rel1.win32_1.1.0.202305231506/tools/bin/../lib/gcc/arm-none-eabi/11.3.1/../../../../arm-none-eabi/lib/thumb/v7e-m+fp/hard\libc_nano.a(libc_a-puts.o) (__swbuf_r)
D:/tools/stm32ide/STM32CubeIDE_1.13.1/STM32CubeIDE/plugins/com.st.stm32cube.ide.mcu.externaltools.gnu-tools-for-stm32.11.3.rel1.win32_1.1.0.202305231506/tools/bin/../lib/gcc/arm-none-eabi/11.3.1/../../../../arm-none-eabi/lib/thumb/v7e-m+fp/hard\libc_nano.a(libc_a-wsetup.o)
                              D:/tools/stm32ide/STM32CubeIDE_1.13.1/STM32CubeIDE/plugins/com.st.stm32cube.ide.mcu.externaltools.gnu-tools-for-stm32.11.3.rel1.win32_1.1.0.202305231506/tools/bin/../lib/gcc/arm-none-eabi/11.3.1/../../../../arm-none-eabi/lib/thumb/v7e-m+fp/hard\libc_nano.a(libc_a-puts.o) (__swsetup_r)
D:/tools/stm32ide/STM32CubeIDE_1.13.1/STM32CubeIDE/plugins/com.st.stm32cube.ide.mcu.externaltools.gnu-tools-for-stm32.11.3.rel1.win32_1.1.0.202305231506/tools/bin/../lib/gcc/arm-none-eabi/11.3.1/../../../../arm-none-eabi/lib/thumb/v7e-m+fp/hard\libc_nano.a(libc_a-memset.o)
                              D:/tools/stm32ide/STM32CubeIDE_1.13.1/STM32CubeIDE/plugins/com.st.stm32cube.ide.mcu.externaltools.gnu-tools-for-stm32.11.3.rel1.win32_1.1.0.202305231506/tools/bin/../lib/gcc/arm-none-eabi/11.3.1/../../../../arm-none-eabi/lib/thumb/v7e-m+fp/hard/crt0.o (memset)
D:/tools/stm32ide/STM32CubeIDE_1.13.1/STM32CubeIDE/plugins/com.st.stm32cube.ide.mcu.externaltools.gnu-tools-for-stm32.11.3.rel1.win32_1.1.0.202305231506/tools/bin/../lib/gcc/arm-none-eabi/11.3.1/../../../../arm-none-eabi/lib/thumb/v7e-m+fp/hard\libc_nano.a(libc_a-closer.o)
[...]
Memory Configuration

Name             Origin             Length             Attributes
CCMRAM           0x0000000010000000 0x0000000000010000 xrw
RAM              0x0000000020000000 0x0000000000020000 xrw
FLASH            0x0000000008000000 0x0000000000100000 xr
*default*        0x0000000000000000 0xffffffffffffffff

Linker script and memory map

LOAD D:/tools/stm32ide/STM32CubeIDE_1.13.1/STM32CubeIDE/plugins/com.st.stm32cube.ide.mcu.externaltools.gnu-tools-for-stm32.11.3.rel1.win32_1.1.0.202305231506/tools/bin/../lib/gcc/arm-none-eabi/11.3.1/thumb/v7e-m+fp/hard/crti.o
LOAD D:/tools/stm32ide/STM32CubeIDE_1.13.1/STM32CubeIDE/plugins/com.st.stm32cube.ide.mcu.externaltools.gnu-tools-for-stm32.11.3.rel1.win32_1.1.0.202305231506/tools/bin/../lib/gcc/arm-none-eabi/11.3.1/thumb/v7e-m+fp/hard/crtbegin.o
LOAD D:/tools/stm32ide/STM32CubeIDE_1.13.1/STM32CubeIDE/plugins/com.st.stm32cube.ide.mcu.externaltools.gnu-tools-for-stm32.11.3.rel1.win32_1.1.0.202305231506/tools/bin/../lib/gcc/arm-none-eabi/11.3.1/../../../../arm-none-eabi/lib/thumb/v7e-m+fp/hard/crt0.o
LOAD ./Core/Src/gpio.o
LOAD ./Core/Src/main.o
LOAD ./Core/Src/spi.o
LOAD ./Core/Src/stm32f4xx_hal_msp.o
LOAD ./Core/Src/stm32f4xx_it.o
LOAD ./Core/Src/syscalls.o
LOAD ./Core/Src/sysmem.o
LOAD ./Core/Src/system_stm32f4xx.o
LOAD ./Core/Src/usart.o
LOAD ./Core/Startup/startup_stm32f407zgtx.o
LOAD ./Drivers/BSP/NRF24L01P/nrf24l01p.o
LOAD ./Drivers/BSP/PLC/plc.o
LOAD ./Drivers/STM32F4xx_HAL_Driver/Src/stm32f4xx_hal.o
LOAD ./Drivers/STM32F4xx_HAL_Driver/Src/stm32f4xx_hal_cortex.o
LOAD ./Drivers/STM32F4xx_HAL_Driver/Src/stm32f4xx_hal_dma.o
LOAD ./Drivers/STM32F4xx_HAL_Driver/Src/stm32f4xx_hal_dma_ex.o
LOAD ./Drivers/STM32F4xx_HAL_Driver/Src/stm32f4xx_hal_exti.o
LOAD ./Drivers/STM32F4xx_HAL_Driver/Src/stm32f4xx_hal_flash.o
LOAD ./Drivers/STM32F4xx_HAL_Driver/Src/stm32f4xx_hal_flash_ex.o
LOAD ./Drivers/STM32F4xx_HAL_Driver/Src/stm32f4xx_hal_flash_ramfunc.o
LOAD ./Drivers/STM32F4xx_HAL_Driver/Src/stm32f4xx_hal_gpio.o
LOAD ./Drivers/STM32F4xx_HAL_Driver/Src/stm32f4xx_hal_pwr.o
LOAD ./Drivers/STM32F4xx_HAL_Driver/Src/stm32f4xx_hal_pwr_ex.o
LOAD ./Drivers/STM32F4xx_HAL_Driver/Src/stm32f4xx_hal_rcc.o
LOAD ./Drivers/STM32F4xx_HAL_Driver/Src/stm32f4xx_hal_rcc_ex.o
LOAD ./Drivers/STM32F4xx_HAL_Driver/Src/stm32f4xx_hal_spi.o
LOAD ./Drivers/STM32F4xx_HAL_Driver/Src/stm32f4xx_hal_tim.o
LOAD ./Drivers/STM32F4xx_HAL_Driver/Src/stm32f4xx_hal_tim_ex.o
LOAD ./Drivers/STM32F4xx_HAL_Driver/Src/stm32f4xx_hal_uart.o
START GROUP
LOAD D:/tools/stm32ide/STM32CubeIDE_1.13.1/STM32CubeIDE/plugins/com.st.stm32cube.ide.mcu.externaltools.gnu-tools-for-stm32.11.3.rel1.win32_1.1.0.202305231506/tools/bin/../lib/gcc/arm-none-eabi/11.3.1/../../../../arm-none-eabi/lib/thumb/v7e-m+fp/hard\libc_nano.a
LOAD D:/tools/stm32ide/STM32CubeIDE_1.13.1/STM32CubeIDE/plugins/com.st.stm32cube.ide.mcu.externaltools.gnu-tools-for-stm32.11.3.rel1.win32_1.1.0.202305231506/tools/bin/../lib/gcc/arm-none-eabi/11.3.1/../../../../arm-none-eabi/lib/thumb/v7e-m+fp/hard\libm.a
END GROUP
START GROUP
LOAD D:/tools/stm32ide/STM32CubeIDE_1.13.1/STM32CubeIDE/plugins/com.st.stm32cube.ide.mcu.externaltools.gnu-tools-for-stm32.11.3.rel1.win32_1.1.0.202305231506/tools/bin/../lib/gcc/arm-none-eabi/11.3.1/thumb/v7e-m+fp/hard\libgcc.a
LOAD D:/tools/stm32ide/STM32CubeIDE_1.13.1/STM32CubeIDE/plugins/com.st.stm32cube.ide.mcu.externaltools.gnu-tools-for-stm32.11.3.rel1.win32_1.1.0.202305231506/tools/bin/../lib/gcc/arm-none-eabi/11.3.1/../../../../arm-none-eabi/lib/thumb/v7e-m+fp/hard\libc_nano.a
END GROUP
START GROUP
LOAD D:/tools/stm32ide/STM32CubeIDE_1.13.1/STM32CubeIDE/plugins/com.st.stm32cube.ide.mcu.externaltools.gnu-tools-for-stm32.11.3.rel1.win32_1.1.0.202305231506/tools/bin/../lib/gcc/arm-none-eabi/11.3.1/thumb/v7e-m+fp/hard\libgcc.a
LOAD D:/tools/stm32ide/STM32CubeIDE_1.13.1/STM32CubeIDE/plugins/com.st.stm32cube.ide.mcu.externaltools.gnu-tools-for-stm32.11.3.rel1.win32_1.1.0.202305231506/tools/bin/../lib/gcc/arm-none-eabi/11.3.1/../../../../arm-none-eabi/lib/thumb/v7e-m+fp/hard\libc_nano.a
LOAD D:/tools/stm32ide/STM32CubeIDE_1.13.1/STM32CubeIDE/plugins/com.st.stm32cube.ide.mcu.externaltools.gnu-tools-for-stm32.11.3.rel1.win32_1.1.0.202305231506/tools/bin/../lib/gcc/arm-none-eabi/11.3.1/../../../../arm-none-eabi/lib/thumb/v7e-m+fp/hard\libnosys.a
END GROUP
START GROUP
LOAD D:/tools/stm32ide/STM32CubeIDE_1.13.1/STM32CubeIDE/plugins/com.st.stm32cube.ide.mcu.externaltools.gnu-tools-for-stm32.11.3.rel1.win32_1.1.0.202305231506/tools/bin/../lib/gcc/arm-none-eabi/11.3.1/thumb/v7e-m+fp/hard\libgcc.a
LOAD D:/tools/stm32ide/STM32CubeIDE_1.13.1/STM32CubeIDE/plugins/com.st.stm32cube.ide.mcu.externaltools.gnu-tools-for-stm32.11.3.rel1.win32_1.1.0.202305231506/tools/bin/../lib/gcc/arm-none-eabi/11.3.1/../../../../arm-none-eabi/lib/thumb/v7e-m+fp/hard\libc_nano.a
LOAD D:/tools/stm32ide/STM32CubeIDE_1.13.1/STM32CubeIDE/plugins/com.st.stm32cube.ide.mcu.externaltools.gnu-tools-for-stm32.11.3.rel1.win32_1.1.0.202305231506/tools/bin/../lib/gcc/arm-none-eabi/11.3.1/../../../../arm-none-eabi/lib/thumb/v7e-m+fp/hard\libnosys.a
END GROUP
LOAD D:/tools/stm32ide/STM32CubeIDE_1.13.1/STM32CubeIDE/plugins/com.st.stm32cube.ide.mcu.externaltools.gnu-tools-for-stm32.11.3.rel1.win32_1.1.0.202305231506/tools/bin/../lib/gcc/arm-none-eabi/11.3.1/thumb/v7e-m+fp/hard/crtend.o
LOAD D:/tools/stm32ide/STM32CubeIDE_1.13.1/STM32CubeIDE/plugins/com.st.stm32cube.ide.mcu.externaltools.gnu-tools-for-stm32.11.3.rel1.win32_1.1.0.202305231506/tools/bin/../lib/gcc/arm-none-eabi/11.3.1/thumb/v7e-m+fp/hard/crtn.o
                0x0000000020020000                _estack = (ORIGIN (RAM) + LENGTH (RAM))
                0x0000000000000200                _Min_Heap_Size = 0x200
                0x0000000000000400                _Min_Stack_Size = 0x400

.isr_vector     0x0000000008000000      0x188
                0x0000000008000000                . = ALIGN (0x4)
 *(.isr_vector)
 .isr_vector    0x0000000008000000      0x188 ./Core/Startup/startup_stm32f407zgtx.o
                0x0000000008000000                g_pfnVectors
                0x0000000008000188                . = ALIGN (0x4)

.text           0x0000000008000188     0x4244
                0x0000000008000188                . = ALIGN (0x4)
 *(.text)
 .text          0x0000000008000188       0x40 D:/tools/stm32ide/STM32CubeIDE_1.13.1/STM32CubeIDE/plugins/com.st.stm32cube.ide.mcu.externaltools.gnu-tools-for-stm32.11.3.rel1.win32_1.1.0.202305231506/tools/bin/../lib/gcc/arm-none-eabi/11.3.1/thumb/v7e-m+fp/hard/crtbegin.o
 .text          0x00000000080001c8       0x30 D:/tools/stm32ide/STM32CubeIDE_1.13.1/STM32CubeIDE/plugins/com.st.stm32cube.ide.mcu.externaltools.gnu-tools-for-stm32.11.3.rel1.win32_1.1.0.202305231506/tools/bin/../lib/gcc/arm-none-eabi/11.3.1/thumb/v7e-m+fp/hard\libgcc.a(_aeabi_uldivmod.o)
                0x00000000080001c8                __aeabi_uldivmod
 .text          0x00000000080001f8      0x2c8 D:/tools/stm32ide/STM32CubeIDE_1.13.1/STM32CubeIDE/plugins/com.st.stm32cube.ide.mcu.externaltools.gnu-tools-for-stm32.11.3.rel1.win32_1.1.0.202305231506/tools/bin/../lib/gcc/arm-none-eabi/11.3.1/thumb/v7e-m+fp/hard\libgcc.a(_udivmoddi4.o)
                0x00000000080001f8                __udivmoddi4
 .text          0x00000000080004c0        0x4 D:/tools/stm32ide/STM32CubeIDE_1.13.1/STM32CubeIDE/plugins/com.st.stm32cube.ide.mcu.externaltools.gnu-tools-for-stm32.11.3.rel1.win32_1.1.0.202305231506/tools/bin/../lib/gcc/arm-none-eabi/11.3.1/thumb/v7e-m+fp/hard\libgcc.a(_dvmd_tls.o)
                0x00000000080004c0                __aeabi_idiv0
                0x00000000080004c0                __aeabi_ldiv0
 *(.text*)
 .text.MX_GPIO_Init
                0x00000000080004c4      0x168 ./Core/Src/gpio.o
                0x00000000080004c4                MX_GPIO_Init
 .text.main     0x000000000800062c       0xd4 ./Core/Src/main.o
                0x000000000800062c                main
 .text.SystemClock_Config
                0x0000000008000700       0xd4 ./Core/Src/main.o
                0x0000000008000700                SystemClock_Config
 .text.Error_Handler
                0x00000000080007d4        0xa ./Core/Src/main.o
                0x00000000080007d4                Error_Handler
 *fill*         0x00000000080007de        0x2 
 .text.MX_SPI1_Init
                0x00000000080007e0       0x84 ./Core/Src/spi.o
                0x00000000080007e0                MX_SPI1_Init
 .text.HAL_SPI_MspInit
                0x0000000008000864       0x90 ./Core/Src/spi.o
                0x0000000008000864                HAL_SPI_MspInit
 .text.spi1_read_write_byte
                0x00000000080008f4       0x2c ./Core/Src/spi.o
                0x00000000080008f4                spi1_read_write_byte
 .text.HAL_MspInit
                0x0000000008000920       0x50 ./Core/Src/stm32f4xx_hal_msp.o
                0x0000000008000920                HAL_MspInit
 .text.NMI_Handler
                0x0000000008000970        0x6 ./Core/Src/stm32f4xx_it.o
                0x0000000008000970                NMI_Handler
 .text.HardFault_Handler
                0x0000000008000976        0x6 ./Core/Src/stm32f4xx_it.o
                0x0000000008000976                HardFault_Handler
 .text.MemManage_Handler
                0x000000000800097c        0x6 ./Core/Src/stm32f4xx_it.o
                0x000000000800097c                MemManage_Handler
 .text.BusFault_Handler
                0x0000000008000982        0x6 ./Core/Src/stm32f4xx_it.o
                0x0000000008000982                BusFault_Handler
 .text.UsageFault_Handler
                0x0000000008000988        0x6 ./Core/Src/stm32f4xx_it.o
                0x0000000008000988                UsageFault_Handler
 .text.SVC_Handler
                0x000000000800098e        0xe ./Core/Src/stm32f4xx_it.o
                0x000000000800098e                SVC_Handler
 .text.DebugMon_Handler
                0x000000000800099c        0xe ./Core/Src/stm32f4xx_it.o
                0x000000000800099c                DebugMon_Handler
 .text.PendSV_Handler
                0x00000000080009aa        0xe ./Core/Src/stm32f4xx_it.o
                0x00000000080009aa                PendSV_Handler
 .text.SysTick_Handler
                0x00000000080009b8        0xc ./Core/Src/stm32f4xx_it.o
                0x00000000080009b8                SysTick_Handler
 .text.USART1_IRQHandler
                0x00000000080009c4       0x14 ./Core/Src/stm32f4xx_it.o
                0x00000000080009c4                USART1_IRQHandler
 .text.USART3_IRQHandler
                0x00000000080009d8       0x14 ./Core/Src/stm32f4xx_it.o
                0x00000000080009d8                USART3_IRQHandler
 .text._read    0x00000000080009ec       0x3a ./Core/Src/syscalls.o
                0x00000000080009ec                _read
 .text._write   0x0000000008000a26       0x38 ./Core/Src/syscalls.o
                0x0000000008000a26                _write
 .text._close   0x0000000008000a5e       0x18 ./Core/Src/syscalls.o
                0x0000000008000a5e                _close
 .text._fstat   0x0000000008000a76       0x20 ./Core/Src/syscalls.o
                0x0000000008000a76                _fstat
 .text._isatty  0x0000000008000a96       0x16 ./Core/Src/syscalls.o
                0x0000000008000a96                _isatty
 .text._lseek   0x0000000008000aac       0x1a ./Core/Src/syscalls.o
                0x0000000008000aac                _lseek
 *fill*         0x0000000008000ac6        0x2 
 .text._sbrk    0x0000000008000ac8       0x6c ./Core/Src/sysmem.o
                0x0000000008000ac8                _sbrk
 .text.SystemInit
                0x0000000008000b34       0x24 ./Core/Src/system_stm32f4xx.o
                0x0000000008000b34                SystemInit
 .text.__io_putchar
                0x0000000008000b58       0x24 ./Core/Src/usart.o
                0x0000000008000b58                __io_putchar
 .text.MX_USART1_UART_Init
                0x0000000008000b7c       0x54 ./Core/Src/usart.o
                0x0000000008000b7c                MX_USART1_UART_Init
 .text.MX_USART3_UART_Init
                0x0000000008000bd0       0x60 ./Core/Src/usart.o
                0x0000000008000bd0                MX_USART3_UART_Init
 .text.HAL_UART_MspInit
                0x0000000008000c30      0x120 ./Core/Src/usart.o
                0x0000000008000c30                HAL_UART_MspInit
 .text.HAL_UART_RxCpltCallback
                0x0000000008000d50      0x154 ./Core/Src/usart.o
                0x0000000008000d50                HAL_UART_RxCpltCallback
 .text.USART_RX_TX
                0x0000000008000ea4       0x28 ./Core/Src/usart.o
                0x0000000008000ea4                USART_RX_TX
 .text.USART1_RX_USART3_TX
                0x0000000008000ecc       0x6c ./Core/Src/usart.o
                0x0000000008000ecc                USART1_RX_USART3_TX
 .text.USART3_RX_USART1_TX
                0x0000000008000f38       0x84 ./Core/Src/usart.o
                0x0000000008000f38                USART3_RX_USART1_TX
 .text.Reset_Handler
                0x0000000008000fbc       0x50 ./Core/Startup/startup_stm32f407zgtx.o
                0x0000000008000fbc                Reset_Handler
 .text.Default_Handler
                0x000000000800100c        0x2 ./Core/Startup/startup_stm32f407zgtx.o
                0x000000000800100c                RTC_Alarm_IRQHandler
                0x000000000800100c                HASH_RNG_IRQHandler
                0x000000000800100c                EXTI2_IRQHandler
                0x000000000800100c                TIM8_CC_IRQHandler
                0x000000000800100c                TIM1_CC_IRQHandler
                0x000000000800100c                DMA2_Stream5_IRQHandler
                0x000000000800100c                DMA1_Stream5_IRQHandler
                0x000000000800100c                PVD_IRQHandler
                0x000000000800100c                SDIO_IRQHandler
                0x000000000800100c                TAMP_STAMP_IRQHandler
                0x000000000800100c                CAN2_RX1_IRQHandler
                0x000000000800100c                EXTI3_IRQHandler
                0x000000000800100c                TIM8_TRG_COM_TIM14_IRQHandler
                0x000000000800100c                TIM1_UP_TIM10_IRQHandler
                0x000000000800100c                TIM8_UP_TIM13_IRQHandler
                0x000000000800100c                I2C3_ER_IRQHandler
                0x000000000800100c                EXTI0_IRQHandler
                0x000000000800100c                I2C2_EV_IRQHandler
                0x000000000800100c                DMA1_Stream2_IRQHandler
                0x000000000800100c                CAN1_RX0_IRQHandler
                0x000000000800100c                FPU_IRQHandler
                0x000000000800100c                OTG_HS_WKUP_IRQHandler
                0x000000000800100c                CAN2_SCE_IRQHandler
                0x000000000800100c                DMA2_Stream2_IRQHandler
                0x000000000800100c                SPI1_IRQHandler
                0x000000000800100c                TIM6_DAC_IRQHandler
                0x000000000800100c                TIM1_BRK_TIM9_IRQHandler
                0x000000000800100c                DCMI_IRQHandler
                0x000000000800100c                CAN2_RX0_IRQHandler
                0x000000000800100c                DMA2_Stream3_IRQHandler
                0x000000000800100c                USART6_IRQHandler
                0x000000000800100c                CAN1_RX1_IRQHandler
                0x000000000800100c                UART5_IRQHandler
                0x000000000800100c                DMA2_Stream0_IRQHandler
                0x000000000800100c                TIM4_IRQHandler
                0x000000000800100c                I2C1_EV_IRQHandler
                0x000000000800100c                DMA1_Stream6_IRQHandler
                0x000000000800100c                DMA1_Stream1_IRQHandler
                0x000000000800100c                UART4_IRQHandler
                0x000000000800100c                TIM3_IRQHandler
                0x000000000800100c                RCC_IRQHandler
                0x000000000800100c                TIM8_BRK_TIM12_IRQHandler
                0x000000000800100c                Default_Handler
                0x000000000800100c                EXTI15_10_IRQHandler
                0x000000000800100c                ADC_IRQHandler
                0x000000000800100c                DMA1_Stream7_IRQHandler
                0x000000000800100c                TIM7_IRQHandler
                0x000000000800100c                CAN2_TX_IRQHandler
                0x000000000800100c                TIM5_IRQHandler
                0x000000000800100c                DMA2_Stream7_IRQHandler
                0x000000000800100c                I2C3_EV_IRQHandler
                0x000000000800100c                EXTI9_5_IRQHandler
                0x000000000800100c                RTC_WKUP_IRQHandler
                0x000000000800100c                ETH_WKUP_IRQHandler
                0x000000000800100c                SPI2_IRQHandler
                0x000000000800100c                OTG_HS_EP1_IN_IRQHandler
                0x000000000800100c                DMA1_Stream0_IRQHandler
                0x000000000800100c                CAN1_TX_IRQHandler
                0x000000000800100c                EXTI4_IRQHandler
                0x000000000800100c                FSMC_IRQHandler
                0x000000000800100c                ETH_IRQHandler
                0x000000000800100c                OTG_HS_EP1_OUT_IRQHandler
                0x000000000800100c                WWDG_IRQHandler
                0x000000000800100c                TIM2_IRQHandler
                0x000000000800100c                OTG_FS_WKUP_IRQHandler
                0x000000000800100c                TIM1_TRG_COM_TIM11_IRQHandler
                0x000000000800100c                OTG_HS_IRQHandler
                0x000000000800100c                EXTI1_IRQHandler
                0x000000000800100c                USART2_IRQHandler
                0x000000000800100c                I2C2_ER_IRQHandler
                0x000000000800100c                DMA2_Stream1_IRQHandler
                0x000000000800100c                CAN1_SCE_IRQHandler
                0x000000000800100c                FLASH_IRQHandler
                0x000000000800100c                DMA2_Stream4_IRQHandler
                0x000000000800100c                OTG_FS_IRQHandler
                0x000000000800100c                SPI3_IRQHandler
                0x000000000800100c                DMA1_Stream4_IRQHandler
                0x000000000800100c                I2C1_ER_IRQHandler
                0x000000000800100c                DMA2_Stream6_IRQHandler
                0x000000000800100c                DMA1_Stream3_IRQHandler
 *fill*         0x000000000800100e        0x2 
 .text.nrf_spi_init
                0x0000000008001010       0x40 ./Drivers/BSP/NRF24L01P/nrf24l01p.o
                0x0000000008001010                nrf_spi_init
 .text.nrf_init
                0x0000000008001050       0x28 ./Drivers/BSP/NRF24L01P/nrf24l01p.o
                0x0000000008001050                nrf_init
 .text.nrf_write_reg
                0x0000000008001078       0x48 ./Drivers/BSP/NRF24L01P/nrf24l01p.o
                0x0000000008001078                nrf_write_reg
 .text.nrf_read_reg
                0x00000000080010c0       0x40 ./Drivers/BSP/NRF24L01P/nrf24l01p.o
                0x00000000080010c0                nrf_read_reg
 .text.nrf_write_buf
                0x0000000008001100       0x60 ./Drivers/BSP/NRF24L01P/nrf24l01p.o
                0x0000000008001100                nrf_write_buf
 .text.nrf_read_buf
                0x0000000008001160       0x64 ./Drivers/BSP/NRF24L01P/nrf24l01p.o
                0x0000000008001160                nrf_read_buf
 .text.nrf_rx_mode
                0x00000000080011c4       0x60 ./Drivers/BSP/NRF24L01P/nrf24l01p.o
                0x00000000080011c4                nrf_rx_mode
 .text.nrf_rx_packet
                0x0000000008001224       0x4a ./Drivers/BSP/NRF24L01P/nrf24l01p.o
                0x0000000008001224                nrf_rx_packet
 *fill*         0x000000000800126e        0x2 
 .text.plc_change_mode
                0x0000000008001270       0x3c ./Drivers/BSP/PLC/plc.o
                0x0000000008001270                plc_change_mode
 .text.HAL_Init
                0x00000000080012ac       0x44 ./Drivers/STM32F4xx_HAL_Driver/Src/stm32f4xx_hal.o
                0x00000000080012ac                HAL_Init
 .text.HAL_InitTick
                0x00000000080012f0       0x60 ./Drivers/STM32F4xx_HAL_Driver/Src/stm32f4xx_hal.o
                0x00000000080012f0                HAL_InitTick
 .text.HAL_IncTick
                0x0000000008001350       0x28 ./Drivers/STM32F4xx_HAL_Driver/Src/stm32f4xx_hal.o
                0x0000000008001350                HAL_IncTick
 .text.HAL_GetTick
                0x0000000008001378       0x18 ./Drivers/STM32F4xx_HAL_Driver/Src/stm32f4xx_hal.o
                0x0000000008001378                HAL_GetTick
 .text.__NVIC_SetPriorityGrouping
                0x0000000008001390       0x48 ./Drivers/STM32F4xx_HAL_Driver/Src/stm32f4xx_hal_cortex.o
 .text.__NVIC_GetPriorityGrouping
                0x00000000080013d8       0x1c ./Drivers/STM32F4xx_HAL_Driver/Src/stm32f4xx_hal_cortex.o
 .text.__NVIC_EnableIRQ
                0x00000000080013f4       0x3c ./Drivers/STM32F4xx_HAL_Driver/Src/stm32f4xx_hal_cortex.o
 .text.__NVIC_SetPriority
                0x0000000008001430       0x54 ./Drivers/STM32F4xx_HAL_Driver/Src/stm32f4xx_hal_cortex.o
 .text.NVIC_EncodePriority
                0x0000000008001484       0x66 ./Drivers/STM32F4xx_HAL_Driver/Src/stm32f4xx_hal_cortex.o
 *fill*         0x00000000080014ea        0x2 
 .text.SysTick_Config
                0x00000000080014ec       0x44 ./Drivers/STM32F4xx_HAL_Driver/Src/stm32f4xx_hal_cortex.o
 .text.HAL_NVIC_SetPriorityGrouping
                0x0000000008001530       0x16 ./Drivers/STM32F4xx_HAL_Driver/Src/stm32f4xx_hal_cortex.o
                0x0000000008001530                HAL_NVIC_SetPriorityGrouping
 .text.HAL_NVIC_SetPriority
                0x0000000008001546       0x38 ./Drivers/STM32F4xx_HAL_Driver/Src/stm32f4xx_hal_cortex.o
                0x0000000008001546                HAL_NVIC_SetPriority
 .text.HAL_NVIC_EnableIRQ
                0x000000000800157e       0x1c ./Drivers/STM32F4xx_HAL_Driver/Src/stm32f4xx_hal_cortex.o
                0x000000000800157e                HAL_NVIC_EnableIRQ
 .text.HAL_SYSTICK_Config
                0x000000000800159a       0x18 ./Drivers/STM32F4xx_HAL_Driver/Src/stm32f4xx_hal_cortex.o
                0x000000000800159a                HAL_SYSTICK_Config
 .text.HAL_DMA_Abort
                0x00000000080015b2       0xe0 ./Drivers/STM32F4xx_HAL_Driver/Src/stm32f4xx_hal_dma.o
                0x00000000080015b2                HAL_DMA_Abort
 .text.HAL_DMA_Abort_IT
                0x0000000008001692       0x44 ./Drivers/STM32F4xx_HAL_Driver/Src/stm32f4xx_hal_dma.o
                0x0000000008001692                HAL_DMA_Abort_IT
 *fill*         0x00000000080016d6        0x2 
 .text.HAL_GPIO_Init
                0x00000000080016d8      0x338 ./Drivers/STM32F4xx_HAL_Driver/Src/stm32f4xx_hal_gpio.o
                0x00000000080016d8                HAL_GPIO_Init
 .text.HAL_GPIO_WritePin
                0x0000000008001a10       0x32 ./Drivers/STM32F4xx_HAL_Driver/Src/stm32f4xx_hal_gpio.o
                0x0000000008001a10                HAL_GPIO_WritePin
 .text.HAL_GPIO_TogglePin
                0x0000000008001a42       0x34 ./Drivers/STM32F4xx_HAL_Driver/Src/stm32f4xx_hal_gpio.o
                0x0000000008001a42                HAL_GPIO_TogglePin
 *fill*         0x0000000008001a76        0x2 
 .text.HAL_RCC_OscConfig
                0x0000000008001a78      0x4f0 ./Drivers/STM32F4xx_HAL_Driver/Src/stm32f4xx_hal_rcc.o
                0x0000000008001a78                HAL_RCC_OscConfig
 .text.HAL_RCC_ClockConfig
                0x0000000008001f68      0x1cc ./Drivers/STM32F4xx_HAL_Driver/Src/stm32f4xx_hal_rcc.o
                0x0000000008001f68                HAL_RCC_ClockConfig
 .text.HAL_RCC_GetSysClockFreq
                0x0000000008002134      0x20c ./Drivers/STM32F4xx_HAL_Driver/Src/stm32f4xx_hal_rcc.o
                0x0000000008002134                HAL_RCC_GetSysClockFreq
 .text.HAL_RCC_GetHCLKFreq
                0x0000000008002340       0x18 ./Drivers/STM32F4xx_HAL_Driver/Src/stm32f4xx_hal_rcc.o
                0x0000000008002340                HAL_RCC_GetHCLKFreq
 .text.HAL_RCC_GetPCLK1Freq
                0x0000000008002358       0x28 ./Drivers/STM32F4xx_HAL_Driver/Src/stm32f4xx_hal_rcc.o
                0x0000000008002358                HAL_RCC_GetPCLK1Freq
 .text.HAL_RCC_GetPCLK2Freq
                0x0000000008002380       0x28 ./Drivers/STM32F4xx_HAL_Driver/Src/stm32f4xx_hal_rcc.o
                0x0000000008002380                HAL_RCC_GetPCLK2Freq
 .text.HAL_SPI_Init
                0x00000000080023a8      0x112 ./Drivers/STM32F4xx_HAL_Driver/Src/stm32f4xx_hal_spi.o
                0x00000000080023a8                HAL_SPI_Init
 .text.HAL_SPI_TransmitReceive
                0x00000000080024ba      0x344 ./Drivers/STM32F4xx_HAL_Driver/Src/stm32f4xx_hal_spi.o
                0x00000000080024ba                HAL_SPI_TransmitReceive
 *fill*         0x00000000080027fe        0x2 
 .text.SPI_WaitFlagStateUntilTimeout
                0x0000000008002800      0x110 ./Drivers/STM32F4xx_HAL_Driver/Src/stm32f4xx_hal_spi.o
 .text.SPI_EndRxTxTransaction
                0x0000000008002910       0x84 ./Drivers/STM32F4xx_HAL_Driver/Src/stm32f4xx_hal_spi.o
 .text.HAL_UART_Init
                0x0000000008002994       0x9a ./Drivers/STM32F4xx_HAL_Driver/Src/stm32f4xx_hal_uart.o
                0x0000000008002994                HAL_UART_Init
 .text.HAL_UART_Transmit
                0x0000000008002a2e      0x124 ./Drivers/STM32F4xx_HAL_Driver/Src/stm32f4xx_hal_uart.o
                0x0000000008002a2e                HAL_UART_Transmit
 .text.HAL_UART_Receive_IT
                0x0000000008002b52       0x60 ./Drivers/STM32F4xx_HAL_Driver/Src/stm32f4xx_hal_uart.o
                0x0000000008002b52                HAL_UART_Receive_IT
 *fill*         0x0000000008002bb2        0x2 
 .text.HAL_UART_IRQHandler
                0x0000000008002bb4      0x51c ./Drivers/STM32F4xx_HAL_Driver/Src/stm32f4xx_hal_uart.o
                0x0000000008002bb4                HAL_UART_IRQHandler
 .text.HAL_UART_TxCpltCallback
                0x00000000080030d0       0x14 ./Drivers/STM32F4xx_HAL_Driver/Src/stm32f4xx_hal_uart.o
                0x00000000080030d0                HAL_UART_TxCpltCallback
 .text.HAL_UART_ErrorCallback
                0x00000000080030e4       0x14 ./Drivers/STM32F4xx_HAL_Driver/Src/stm32f4xx_hal_uart.o
                0x00000000080030e4                HAL_UART_ErrorCallback
 .text.HAL_UARTEx_RxEventCallback
                0x00000000080030f8       0x18 ./Drivers/STM32F4xx_HAL_Driver/Src/stm32f4xx_hal_uart.o
                0x00000000080030f8                HAL_UARTEx_RxEventCallback
 .text.UART_WaitOnFlagUntilTimeout
                0x0000000008003110       0xdc ./Drivers/STM32F4xx_HAL_Driver/Src/stm32f4xx_hal_uart.o
 .text.UART_Start_Receive_IT
                0x00000000080031ec       0x7c ./Drivers/STM32F4xx_HAL_Driver/Src/stm32f4xx_hal_uart.o
                0x00000000080031ec                UART_Start_Receive_IT
 .text.UART_EndRxTransfer
                0x0000000008003268       0xc6 ./Drivers/STM32F4xx_HAL_Driver/Src/stm32f4xx_hal_uart.o
 .text.UART_DMAAbortOnError
                0x000000000800332e       0x28 ./Drivers/STM32F4xx_HAL_Driver/Src/stm32f4xx_hal_uart.o
 .text.UART_Transmit_IT
                0x0000000008003356       0xa0 ./Drivers/STM32F4xx_HAL_Driver/Src/stm32f4xx_hal_uart.o
 .text.UART_EndTransmit_IT
                0x00000000080033f6       0x30 ./Drivers/STM32F4xx_HAL_Driver/Src/stm32f4xx_hal_uart.o
 .text.UART_Receive_IT
                0x0000000008003426      0x176 ./Drivers/STM32F4xx_HAL_Driver/Src/stm32f4xx_hal_uart.o
 .text.UART_SetConfig
                0x000000000800359c      0x4e8 ./Drivers/STM32F4xx_HAL_Driver/Src/stm32f4xx_hal_uart.o
 .text.std      0x0000000008003a84       0x48 D:/tools/stm32ide/STM32CubeIDE_1.13.1/STM32CubeIDE/plugins/com.st.stm32cube.ide.mcu.externaltools.gnu-tools-for-stm32.11.3.rel1.win32_1.1.0.202305231506/tools/bin/../lib/gcc/arm-none-eabi/11.3.1/../../../../arm-none-eabi/lib/thumb/v7e-m+fp/hard\libc_nano.a(libc_a-findfp.o)
 .text.stdio_exit_handler
                0x0000000008003acc       0x18 D:/tools/stm32ide/STM32CubeIDE_1.13.1/STM32CubeIDE/plugins/com.st.stm32cube.ide.mcu.externaltools.gnu-tools-for-stm32.11.3.rel1.win32_1.1.0.202305231506/tools/bin/../lib/gcc/arm-none-eabi/11.3.1/../../../../arm-none-eabi/lib/thumb/v7e-m+fp/hard\libc_nano.a(libc_a-findfp.o)
 .text.cleanup_stdio
                0x0000000008003ae4       0x40 D:/tools/stm32ide/STM32CubeIDE_1.13.1/STM32CubeIDE/plugins/com.st.stm32cube.ide.mcu.externaltools.gnu-tools-for-stm32.11.3.rel1.win32_1.1.0.202305231506/tools/bin/../lib/gcc/arm-none-eabi/11.3.1/../../../../arm-none-eabi/lib/thumb/v7e-m+fp/hard\libc_nano.a(libc_a-findfp.o)
 .text.global_stdio_init.part.0
                0x0000000008003b24       0x3c D:/tools/stm32ide/STM32CubeIDE_1.13.1/STM32CubeIDE/plugins/com.st.stm32cube.ide.mcu.externaltools.gnu-tools-for-stm32.11.3.rel1.win32_1.1.0.202305231506/tools/bin/../lib/gcc/arm-none-eabi/11.3.1/../../../../arm-none-eabi/lib/thumb/v7e-m+fp/hard\libc_nano.a(libc_a-findfp.o)
 .text.__sfp_lock_acquire
                0x0000000008003b60        0xc D:/tools/stm32ide/STM32CubeIDE_1.13.1/STM32CubeIDE/plugins/com.st.stm32cube.ide.mcu.externaltools.gnu-tools-for-stm32.11.3.rel1.win32_1.1.0.202305231506/tools/bin/../lib/gcc/arm-none-eabi/11.3.1/../../../../arm-none-eabi/lib/thumb/v7e-m+fp/hard\libc_nano.a(libc_a-findfp.o)
                0x0000000008003b60                __sfp_lock_acquire
 .text.__sfp_lock_release
                0x0000000008003b6c        0xc D:/tools/stm32ide/STM32CubeIDE_1.13.1/STM32CubeIDE/plugins/com.st.stm32cube.ide.mcu.externaltools.gnu-tools-for-stm32.11.3.rel1.win32_1.1.0.202305231506/tools/bin/../lib/gcc/arm-none-eabi/11.3.1/../../../../arm-none-eabi/lib/thumb/v7e-m+fp/hard\libc_nano.a(libc_a-findfp.o)
                0x0000000008003b6c                __sfp_lock_release
 .text.__sinit  0x0000000008003b78       0x30 D:/tools/stm32ide/STM32CubeIDE_1.13.1/STM32CubeIDE/plugins/com.st.stm32cube.ide.mcu.externaltools.gnu-tools-for-stm32.11.3.rel1.win32_1.1.0.202305231506/tools/bin/../lib/gcc/arm-none-eabi/11.3.1/../../../../arm-none-eabi/lib/thumb/v7e-m+fp/hard\libc_nano.a(libc_a-findfp.o)
                0x0000000008003b78                __sinit
 .text._fwalk_sglue
                0x0000000008003ba8       0x3c D:/tools/stm32ide/STM32CubeIDE_1.13.1/STM32CubeIDE/plugins/com.st.stm32cube.ide.mcu.externaltools.gnu-tools-for-stm32.11.3.rel1.win32_1.1.0.202305231506/tools/bin/../lib/gcc/arm-none-eabi/11.3.1/../../../../arm-none-eabi/lib/thumb/v7e-m+fp/hard\libc_nano.a(libc_a-fwalk.o)
                0x0000000008003ba8                _fwalk_sglue
 .text._puts_r  0x0000000008003be4       0xa8 D:/tools/stm32ide/STM32CubeIDE_1.13.1/STM32CubeIDE/plugins/com.st.stm32cube.ide.mcu.externaltools.gnu-tools-for-stm32.11.3.rel1.win32_1.1.0.202305231506/tools/bin/../lib/gcc/arm-none-eabi/11.3.1/../../../../arm-none-eabi/lib/thumb/v7e-m+fp/hard\libc_nano.a(libc_a-puts.o)
                0x0000000008003be4                _puts_r
 .text.puts     0x0000000008003c8c       0x10 D:/tools/stm32ide/STM32CubeIDE_1.13.1/STM32CubeIDE/plugins/com.st.stm32cube.ide.mcu.externaltools.gnu-tools-for-stm32.11.3.rel1.win32_1.1.0.202305231506/tools/bin/../lib/gcc/arm-none-eabi/11.3.1/../../../../arm-none-eabi/lib/thumb/v7e-m+fp/hard\libc_nano.a(libc_a-puts.o)
                0x0000000008003c8c                puts
 .text.__sread  0x0000000008003c9c       0x22 D:/tools/stm32ide/STM32CubeIDE_1.13.1/STM32CubeIDE/plugins/com.st.stm32cube.ide.mcu.externaltools.gnu-tools-for-stm32.11.3.rel1.win32_1.1.0.202305231506/tools/bin/../lib/gcc/arm-none-eabi/11.3.1/../../../../arm-none-eabi/lib/thumb/v7e-m+fp/hard\libc_nano.a(libc_a-stdio.o)
                0x0000000008003c9c                __sread
 .text.__swrite
                0x0000000008003cbe       0x38 D:/tools/stm32ide/STM32CubeIDE_1.13.1/STM32CubeIDE/plugins/com.st.stm32cube.ide.mcu.externaltools.gnu-tools-for-stm32.11.3.rel1.win32_1.1.0.202305231506/tools/bin/../lib/gcc/arm-none-eabi/11.3.1/../../../../arm-none-eabi/lib/thumb/v7e-m+fp/hard\libc_nano.a(libc_a-stdio.o)
                0x0000000008003cbe                __swrite
 .text.__sseek  0x0000000008003cf6       0x24 D:/tools/stm32ide/STM32CubeIDE_1.13.1/STM32CubeIDE/plugins/com.st.stm32cube.ide.mcu.externaltools.gnu-tools-for-stm32.11.3.rel1.win32_1.1.0.202305231506/tools/bin/../lib/gcc/arm-none-eabi/11.3.1/../../../../arm-none-eabi/lib/thumb/v7e-m+fp/hard\libc_nano.a(libc_a-stdio.o)
                0x0000000008003cf6                __sseek
 .text.__sclose
                0x0000000008003d1a        0x8 D:/tools/stm32ide/STM32CubeIDE_1.13.1/STM32CubeIDE/plugins/com.st.stm32cube.ide.mcu.externaltools.gnu-tools-for-stm32.11.3.rel1.win32_1.1.0.202305231506/tools/bin/../lib/gcc/arm-none-eabi/11.3.1/../../../../arm-none-eabi/lib/thumb/v7e-m+fp/hard\libc_nano.a(libc_a-stdio.o)
                0x0000000008003d1a                __sclose
 .text.__swbuf_r
                0x0000000008003d22       0x7a D:/tools/stm32ide/STM32CubeIDE_1.13.1/STM32CubeIDE/plugins/com.st.stm32cube.ide.mcu.externaltools.gnu-tools-for-stm32.11.3.rel1.win32_1.1.0.202305231506/tools/bin/../lib/gcc/arm-none-eabi/11.3.1/../../../../arm-none-eabi/lib/thumb/v7e-m+fp/hard\libc_nano.a(libc_a-wbuf.o)
                0x0000000008003d22                __swbuf_r
 .text.__swsetup_r
                0x0000000008003d9c       0xb0 D:/tools/stm32ide/STM32CubeIDE_1.13.1/STM32CubeIDE/plugins/com.st.stm32cube.ide.mcu.externaltools.gnu-tools-for-stm32.11.3.rel1.win32_1.1.0.202305231506/tools/bin/../lib/gcc/arm-none-eabi/11.3.1/../../../../arm-none-eabi/lib/thumb/v7e-m+fp/hard\libc_nano.a(libc_a-wsetup.o)
                0x0000000008003d9c                __swsetup_r
 .text.memset   0x0000000008003e4c       0x10 D:/tools/stm32ide/STM32CubeIDE_1.13.1/STM32CubeIDE/plugins/com.st.stm32cube.ide.mcu.externaltools.gnu-tools-for-stm32.11.3.rel1.win32_1.1.0.202305231506/tools/bin/../lib/gcc/arm-none-eabi/11.3.1/../../../../arm-none-eabi/lib/thumb/v7e-m+fp/hard\libc_nano.a(libc_a-memset.o)
                0x0000000008003e4c                memset
 .text._close_r
                0x0000000008003e5c       0x20 D:/tools/stm32ide/STM32CubeIDE_1.13.1/STM32CubeIDE/plugins/com.st.stm32cube.ide.mcu.externaltools.gnu-tools-for-stm32.11.3.rel1.win32_1.1.0.202305231506/tools/bin/../lib/gcc/arm-none-eabi/11.3.1/../../../../arm-none-eabi/lib/thumb/v7e-m+fp/hard\libc_nano.a(libc_a-closer.o)
                0x0000000008003e5c                _close_r
 .text._lseek_r
                0x0000000008003e7c       0x24 D:/tools/stm32ide/STM32CubeIDE_1.13.1/STM32CubeIDE/plugins/com.st.stm32cube.ide.mcu.externaltools.gnu-tools-for-stm32.11.3.rel1.win32_1.1.0.202305231506/tools/bin/../lib/gcc/arm-none-eabi/11.3.1/../../../../arm-none-eabi/lib/thumb/v7e-m+fp/hard\libc_nano.a(libc_a-lseekr.o)
                0x0000000008003e7c                _lseek_r
 .text._read_r  0x0000000008003ea0       0x24 D:/tools/stm32ide/STM32CubeIDE_1.13.1/STM32CubeIDE/plugins/com.st.stm32cube.ide.mcu.externaltools.gnu-tools-for-stm32.11.3.rel1.win32_1.1.0.202305231506/tools/bin/../lib/gcc/arm-none-eabi/11.3.1/../../../../arm-none-eabi/lib/thumb/v7e-m+fp/hard\libc_nano.a(libc_a-readr.o)
                0x0000000008003ea0                _read_r
 .text._write_r
                0x0000000008003ec4       0x24 D:/tools/stm32ide/STM32CubeIDE_1.13.1/STM32CubeIDE/plugins/com.st.stm32cube.ide.mcu.externaltools.gnu-tools-for-stm32.11.3.rel1.win32_1.1.0.202305231506/tools/bin/../lib/gcc/arm-none-eabi/11.3.1/../../../../arm-none-eabi/lib/thumb/v7e-m+fp/hard\libc_nano.a(libc_a-writer.o)
                0x0000000008003ec4                _write_r
 .text.__errno  0x0000000008003ee8        0xc D:/tools/stm32ide/STM32CubeIDE_1.13.1/STM32CubeIDE/plugins/com.st.stm32cube.ide.mcu.externaltools.gnu-tools-for-stm32.11.3.rel1.win32_1.1.0.202305231506/tools/bin/../lib/gcc/arm-none-eabi/11.3.1/../../../../arm-none-eabi/lib/thumb/v7e-m+fp/hard\libc_nano.a(libc_a-errno.o)
                0x0000000008003ee8                __errno
 .text.__libc_init_array
                0x0000000008003ef4       0x48 D:/tools/stm32ide/STM32CubeIDE_1.13.1/STM32CubeIDE/plugins/com.st.stm32cube.ide.mcu.externaltools.gnu-tools-for-stm32.11.3.rel1.win32_1.1.0.202305231506/tools/bin/../lib/gcc/arm-none-eabi/11.3.1/../../../../arm-none-eabi/lib/thumb/v7e-m+fp/hard\libc_nano.a(libc_a-init.o)
                0x0000000008003ef4                __libc_init_array
 .text.__retarget_lock_acquire_recursive
                0x0000000008003f3c        0x2 D:/tools/stm32ide/STM32CubeIDE_1.13.1/STM32CubeIDE/plugins/com.st.stm32cube.ide.mcu.externaltools.gnu-tools-for-stm32.11.3.rel1.win32_1.1.0.202305231506/tools/bin/../lib/gcc/arm-none-eabi/11.3.1/../../../../arm-none-eabi/lib/thumb/v7e-m+fp/hard\libc_nano.a(libc_a-lock.o)
                0x0000000008003f3c                __retarget_lock_acquire_recursive
 .text.__retarget_lock_release_recursive
                0x0000000008003f3e        0x2 D:/tools/stm32ide/STM32CubeIDE_1.13.1/STM32CubeIDE/plugins/com.st.stm32cube.ide.mcu.externaltools.gnu-tools-for-stm32.11.3.rel1.win32_1.1.0.202305231506/tools/bin/../lib/gcc/arm-none-eabi/11.3.1/../../../../arm-none-eabi/lib/thumb/v7e-m+fp/hard\libc_nano.a(libc_a-lock.o)
                0x0000000008003f3e                __retarget_lock_release_recursive
 .text._free_r  0x0000000008003f40       0x98 D:/tools/stm32ide/STM32CubeIDE_1.13.1/STM32CubeIDE/plugins/com.st.stm32cube.ide.mcu.externaltools.gnu-tools-for-stm32.11.3.rel1.win32_1.1.0.202305231506/tools/bin/../lib/gcc/arm-none-eabi/11.3.1/../../../../arm-none-eabi/lib/thumb/v7e-m+fp/hard\libc_nano.a(libc_a-freer.o)
                0x0000000008003f40                _free_r
 .text.sbrk_aligned
                0x0000000008003fd8       0x40 D:/tools/stm32ide/STM32CubeIDE_1.13.1/STM32CubeIDE/plugins/com.st.stm32cube.ide.mcu.externaltools.gnu-tools-for-stm32.11.3.rel1.win32_1.1.0.202305231506/tools/bin/../lib/gcc/arm-none-eabi/11.3.1/../../../../arm-none-eabi/lib/thumb/v7e-m+fp/hard\libc_nano.a(libc_a-mallocr.o)
 .text._malloc_r
                0x0000000008004018      0x100 D:/tools/stm32ide/STM32CubeIDE_1.13.1/STM32CubeIDE/plugins/com.st.stm32cube.ide.mcu.externaltools.gnu-tools-for-stm32.11.3.rel1.win32_1.1.0.202305231506/tools/bin/../lib/gcc/arm-none-eabi/11.3.1/../../../../arm-none-eabi/lib/thumb/v7e-m+fp/hard\libc_nano.a(libc_a-mallocr.o)
                0x0000000008004018                _malloc_r
 .text.__malloc_lock
                0x0000000008004118        0xc D:/tools/stm32ide/STM32CubeIDE_1.13.1/STM32CubeIDE/plugins/com.st.stm32cube.ide.mcu.externaltools.gnu-tools-for-stm32.11.3.rel1.win32_1.1.0.202305231506/tools/bin/../lib/gcc/arm-none-eabi/11.3.1/../../../../arm-none-eabi/lib/thumb/v7e-m+fp/hard\libc_nano.a(libc_a-mlock.o)
                0x0000000008004118                __malloc_lock
 .text.__malloc_unlock
                0x0000000008004124        0xc D:/tools/stm32ide/STM32CubeIDE_1.13.1/STM32CubeIDE/plugins/com.st.stm32cube.ide.mcu.externaltools.gnu-tools-for-stm32.11.3.rel1.win32_1.1.0.202305231506/tools/bin/../lib/gcc/arm-none-eabi/11.3.1/../../../../arm-none-eabi/lib/thumb/v7e-m+fp/hard\libc_nano.a(libc_a-mlock.o)
                0x0000000008004124                __malloc_unlock
 .text.__sflush_r
                0x0000000008004130      0x10c D:/tools/stm32ide/STM32CubeIDE_1.13.1/STM32CubeIDE/plugins/com.st.stm32cube.ide.mcu.externaltools.gnu-tools-for-stm32.11.3.rel1.win32_1.1.0.202305231506/tools/bin/../lib/gcc/arm-none-eabi/11.3.1/../../../../arm-none-eabi/lib/thumb/v7e-m+fp/hard\libc_nano.a(libc_a-fflush.o)
                0x0000000008004130                __sflush_r
 .text._fflush_r
                0x000000000800423c       0x50 D:/tools/stm32ide/STM32CubeIDE_1.13.1/STM32CubeIDE/plugins/com.st.stm32cube.ide.mcu.externaltools.gnu-tools-for-stm32.11.3.rel1.win32_1.1.0.202305231506/tools/bin/../lib/gcc/arm-none-eabi/11.3.1/../../../../arm-none-eabi/lib/thumb/v7e-m+fp/hard\libc_nano.a(libc_a-fflush.o)
                0x000000000800423c                _fflush_r
 .text.__swhatbuf_r
                0x000000000800428c       0x4c D:/tools/stm32ide/STM32CubeIDE_1.13.1/STM32CubeIDE/plugins/com.st.stm32cube.ide.mcu.externaltools.gnu-tools-for-stm32.11.3.rel1.win32_1.1.0.202305231506/tools/bin/../lib/gcc/arm-none-eabi/11.3.1/../../../../arm-none-eabi/lib/thumb/v7e-m+fp/hard\libc_nano.a(libc_a-makebuf.o)
                0x000000000800428c                __swhatbuf_r
 .text.__smakebuf_r
                0x00000000080042d8       0x78 D:/tools/stm32ide/STM32CubeIDE_1.13.1/STM32CubeIDE/plugins/com.st.stm32cube.ide.mcu.externaltools.gnu-tools-for-stm32.11.3.rel1.win32_1.1.0.202305231506/tools/bin/../lib/gcc/arm-none-eabi/11.3.1/../../../../arm-none-eabi/lib/thumb/v7e-m+fp/hard\libc_nano.a(libc_a-makebuf.o)
                0x00000000080042d8                __smakebuf_r
 .text._fstat_r
                0x0000000008004350       0x24 D:/tools/stm32ide/STM32CubeIDE_1.13.1/STM32CubeIDE/plugins/com.st.stm32cube.ide.mcu.externaltools.gnu-tools-for-stm32.11.3.rel1.win32_1.1.0.202305231506/tools/bin/../lib/gcc/arm-none-eabi/11.3.1/../../../../arm-none-eabi/lib/thumb/v7e-m+fp/hard\libc_nano.a(libc_a-fstatr.o)
                0x0000000008004350                _fstat_r
 .text._isatty_r
                0x0000000008004374       0x20 D:/tools/stm32ide/STM32CubeIDE_1.13.1/STM32CubeIDE/plugins/com.st.stm32cube.ide.mcu.externaltools.gnu-tools-for-stm32.11.3.rel1.win32_1.1.0.202305231506/tools/bin/../lib/gcc/arm-none-eabi/11.3.1/../../../../arm-none-eabi/lib/thumb/v7e-m+fp/hard\libc_nano.a(libc_a-isattyr.o)
                0x0000000008004374                _isatty_r
 .text._sbrk_r  0x0000000008004394       0x20 D:/tools/stm32ide/STM32CubeIDE_1.13.1/STM32CubeIDE/plugins/com.st.stm32cube.ide.mcu.externaltools.gnu-tools-for-stm32.11.3.rel1.win32_1.1.0.202305231506/tools/bin/../lib/gcc/arm-none-eabi/11.3.1/../../../../arm-none-eabi/lib/thumb/v7e-m+fp/hard\libc_nano.a(libc_a-sbrkr.o)
                0x0000000008004394                _sbrk_r
 *(.glue_7)
 .glue_7        0x00000000080043b4        0x0 linker stubs
 *(.glue_7t)
 .glue_7t       0x00000000080043b4        0x0 linker stubs
 *(.eh_frame)
 .eh_frame      0x00000000080043b4        0x0 D:/tools/stm32ide/STM32CubeIDE_1.13.1/STM32CubeIDE/plugins/com.st.stm32cube.ide.mcu.externaltools.gnu-tools-for-stm32.11.3.rel1.win32_1.1.0.202305231506/tools/bin/../lib/gcc/arm-none-eabi/11.3.1/thumb/v7e-m+fp/hard/crtbegin.o
 *(.init)
 .init          0x00000000080043b4        0x4 D:/tools/stm32ide/STM32CubeIDE_1.13.1/STM32CubeIDE/plugins/com.st.stm32cube.ide.mcu.externaltools.gnu-tools-for-stm32.11.3.rel1.win32_1.1.0.202305231506/tools/bin/../lib/gcc/arm-none-eabi/11.3.1/thumb/v7e-m+fp/hard/crti.o
                0x00000000080043b4                _init
 .init          0x00000000080043b8        0x8 D:/tools/stm32ide/STM32CubeIDE_1.13.1/STM32CubeIDE/plugins/com.st.stm32cube.ide.mcu.externaltools.gnu-tools-for-stm32.11.3.rel1.win32_1.1.0.202305231506/tools/bin/../lib/gcc/arm-none-eabi/11.3.1/thumb/v7e-m+fp/hard/crtn.o
 *(.fini)
 .fini          0x00000000080043c0        0x4 D:/tools/stm32ide/STM32CubeIDE_1.13.1/STM32CubeIDE/plugins/com.st.stm32cube.ide.mcu.externaltools.gnu-tools-for-stm32.11.3.rel1.win32_1.1.0.202305231506/tools/bin/../lib/gcc/arm-none-eabi/11.3.1/thumb/v7e-m+fp/hard/crti.o
                0x00000000080043c0                _fini
 .fini          0x00000000080043c4        0x8 D:/tools/stm32ide/STM32CubeIDE_1.13.1/STM32CubeIDE/plugins/com.st.stm32cube.ide.mcu.externaltools.gnu-tools-for-stm32.11.3.rel1.win32_1.1.0.202305231506/tools/bin/../lib/gcc/arm-none-eabi/11.3.1/thumb/v7e-m+fp/hard/crtn.o
                0x00000000080043cc                . = ALIGN (0x4)
                0x00000000080043cc                _etext = .

.vfp11_veneer   0x00000000080043cc        0x0
 .vfp11_veneer  0x00000000080043cc        0x0 linker stubs

.v4_bx          0x00000000080043cc        0x0
 .v4_bx         0x00000000080043cc        0x0 linker stubs

.iplt           0x00000000080043cc        0x0
 .iplt          0x00000000080043cc        0x0 D:/tools/stm32ide/STM32CubeIDE_1.13.1/STM32CubeIDE/plugins/com.st.stm32cube.ide.mcu.externaltools.gnu-tools-for-stm32.11.3.rel1.win32_1.1.0.202305231506/tools/bin/../lib/gcc/arm-none-eabi/11.3.1/thumb/v7e-m+fp/hard/crtbegin.o

.rodata         0x00000000080043cc       0x40
                0x00000000080043cc                . = ALIGN (0x4)
 *(.rodata)
 .rodata        0x00000000080043cc       0x14 ./Core/Src/main.o
 .rodata        0x00000000080043e0       0x14 ./Core/Src/usart.o
 *(.rodata*)
 .rodata.AHBPrescTable
                0x00000000080043f4       0x10 ./Core/Src/system_stm32f4xx.o
                0x00000000080043f4                AHBPrescTable
 .rodata.APBPrescTable
                0x0000000008004404        0x8 ./Core/Src/system_stm32f4xx.o
                0x0000000008004404                APBPrescTable
                0x000000000800440c                . = ALIGN (0x4)

.ARM.extab      0x000000000800440c        0x0
                0x000000000800440c                . = ALIGN (0x4)
 *(.ARM.extab* .gnu.linkonce.armextab.*)
                0x000000000800440c                . = ALIGN (0x4)

.ARM            0x000000000800440c        0x8
                0x000000000800440c                . = ALIGN (0x4)
                0x000000000800440c                __exidx_start = .
 *(.ARM.exidx*)
 .ARM.exidx     0x000000000800440c        0x8 D:/tools/stm32ide/STM32CubeIDE_1.13.1/STM32CubeIDE/plugins/com.st.stm32cube.ide.mcu.externaltools.gnu-tools-for-stm32.11.3.rel1.win32_1.1.0.202305231506/tools/bin/../lib/gcc/arm-none-eabi/11.3.1/thumb/v7e-m+fp/hard\libgcc.a(_udivmoddi4.o)
                0x0000000008004414                __exidx_end = .
                0x0000000008004414                . = ALIGN (0x4)

.rel.dyn        0x0000000008004414        0x0
 .rel.iplt      0x0000000008004414        0x0 D:/tools/stm32ide/STM32CubeIDE_1.13.1/STM32CubeIDE/plugins/com.st.stm32cube.ide.mcu.externaltools.gnu-tools-for-stm32.11.3.rel1.win32_1.1.0.202305231506/tools/bin/../lib/gcc/arm-none-eabi/11.3.1/thumb/v7e-m+fp/hard/crtbegin.o

.preinit_array  0x0000000008004414        0x0
                0x0000000008004414                . = ALIGN (0x4)
                0x0000000008004414                PROVIDE (__preinit_array_start = .)
 *(.preinit_array*)
                0x0000000008004414                PROVIDE (__preinit_array_end = .)
                0x0000000008004414                . = ALIGN (0x4)

.init_array     0x0000000008004414        0x4
                0x0000000008004414                . = ALIGN (0x4)
                0x0000000008004414                PROVIDE (__init_array_start = .)
 *(SORT_BY_NAME(.init_array.*))
 *(.init_array*)
 .init_array    0x0000000008004414        0x4 D:/tools/stm32ide/STM32CubeIDE_1.13.1/STM32CubeIDE/plugins/com.st.stm32cube.ide.mcu.externaltools.gnu-tools-for-stm32.11.3.rel1.win32_1.1.0.202305231506/tools/bin/../lib/gcc/arm-none-eabi/11.3.1/thumb/v7e-m+fp/hard/crtbegin.o
                0x0000000008004418                PROVIDE (__init_array_end = .)
                0x0000000008004418                . = ALIGN (0x4)

.fini_array     0x0000000008004418        0x4
                0x0000000008004418                . = ALIGN (0x4)
                [!provide]                        PROVIDE (__fini_array_start = .)
 *(SORT_BY_NAME(.fini_array.*))
 *(.fini_array*)
 .fini_array    0x0000000008004418        0x4 D:/tools/stm32ide/STM32CubeIDE_1.13.1/STM32CubeIDE/plugins/com.st.stm32cube.ide.mcu.externaltools.gnu-tools-for-stm32.11.3.rel1.win32_1.1.0.202305231506/tools/bin/../lib/gcc/arm-none-eabi/11.3.1/thumb/v7e-m+fp/hard/crtbegin.o
                [!provide]                        PROVIDE (__fini_array_end = .)
                0x000000000800441c                . = ALIGN (0x4)
                0x000000000800441c                _sidata = LOADADDR (.data)

.data           0x0000000020000000       0x70 load address 0x000000000800441c
                0x0000000020000000                . = ALIGN (0x4)
                0x0000000020000000                _sdata = .
 *(.data)
 *(.data*)
 .data.SystemCoreClock
                0x0000000020000000        0x4 ./Core/Src/system_stm32f4xx.o
                0x0000000020000000                SystemCoreClock
 .data.RX_ADDR  0x0000000020000004        0x5 ./Drivers/BSP/NRF24L01P/nrf24l01p.o
                0x0000000020000004                RX_ADDR
 *fill*         0x0000000020000009        0x3 
 .data.uwTickPrio
                0x000000002000000c        0x4 ./Drivers/STM32F4xx_HAL_Driver/Src/stm32f4xx_hal.o
                0x000000002000000c                uwTickPrio
 .data.uwTickFreq
                0x0000000020000010        0x1 ./Drivers/STM32F4xx_HAL_Driver/Src/stm32f4xx_hal.o
                0x0000000020000010                uwTickFreq
 *fill*         0x0000000020000011        0x3 
 .data.__sglue  0x0000000020000014        0xc D:/tools/stm32ide/STM32CubeIDE_1.13.1/STM32CubeIDE/plugins/com.st.stm32cube.ide.mcu.externaltools.gnu-tools-for-stm32.11.3.rel1.win32_1.1.0.202305231506/tools/bin/../lib/gcc/arm-none-eabi/11.3.1/../../../../arm-none-eabi/lib/thumb/v7e-m+fp/hard\libc_nano.a(libc_a-findfp.o)
                0x0000000020000014                __sglue
 .data._impure_data
                0x0000000020000020       0x4c D:/tools/stm32ide/STM32CubeIDE_1.13.1/STM32CubeIDE/plugins/com.st.stm32cube.ide.mcu.externaltools.gnu-tools-for-stm32.11.3.rel1.win32_1.1.0.202305231506/tools/bin/../lib/gcc/arm-none-eabi/11.3.1/../../../../arm-none-eabi/lib/thumb/v7e-m+fp/hard\libc_nano.a(libc_a-impure.o)
                0x0000000020000020                _impure_data
 .data._impure_ptr
                0x000000002000006c        0x4 D:/tools/stm32ide/STM32CubeIDE_1.13.1/STM32CubeIDE/plugins/com.st.stm32cube.ide.mcu.externaltools.gnu-tools-for-stm32.11.3.rel1.win32_1.1.0.202305231506/tools/bin/../lib/gcc/arm-none-eabi/11.3.1/../../../../arm-none-eabi/lib/thumb/v7e-m+fp/hard\libc_nano.a(libc_a-impure.o)
                0x000000002000006c                _impure_ptr
 *(.RamFunc)
 *(.RamFunc*)
                0x0000000020000070                . = ALIGN (0x4)
                0x0000000020000070                _edata = .
                0x000000000800448c                _siccmram = LOADADDR (.ccmram)

.igot.plt       0x0000000020000070        0x0 load address 0x000000000800448c
 .igot.plt      0x0000000020000070        0x0 D:/tools/stm32ide/STM32CubeIDE_1.13.1/STM32CubeIDE/plugins/com.st.stm32cube.ide.mcu.externaltools.gnu-tools-for-stm32.11.3.rel1.win32_1.1.0.202305231506/tools/bin/../lib/gcc/arm-none-eabi/11.3.1/thumb/v7e-m+fp/hard/crtbegin.o

.ccmram         0x0000000010000000        0x0 load address 0x000000000800448c
                0x0000000010000000                . = ALIGN (0x4)
                0x0000000010000000                _sccmram = .
 *(.ccmram)
 *(.ccmram*)
                0x0000000010000000                . = ALIGN (0x4)
                0x0000000010000000                _eccmram = .
                0x0000000010000000                . = ALIGN (0x4)

.bss            0x0000000020000070      0x3f4
                0x0000000020000070                _sbss = .
                0x0000000020000070                __bss_start__ = _sbss
 *(.bss)
 .bss           0x0000000020000070       0x1c D:/tools/stm32ide/STM32CubeIDE_1.13.1/STM32CubeIDE/plugins/com.st.stm32cube.ide.mcu.externaltools.gnu-tools-for-stm32.11.3.rel1.win32_1.1.0.202305231506/tools/bin/../lib/gcc/arm-none-eabi/11.3.1/thumb/v7e-m+fp/hard/crtbegin.o
 *(.bss*)
 .bss.times     0x000000002000008c        0x4 ./Core/Src/main.o
                0x000000002000008c                times
 .bss.hspi1     0x0000000020000090       0x58 ./Core/Src/spi.o
                0x0000000020000090                hspi1
 .bss.__sbrk_heap_end
                0x00000000200000e8        0x4 ./Core/Src/sysmem.o
 .bss.g_usart3_rx_buf
                0x00000000200000ec       0xc8 ./Core/Src/usart.o
                0x00000000200000ec                g_usart3_rx_buf
 .bss.g_usart3_rx_sta
                0x00000000200001b4        0x2 ./Core/Src/usart.o
                0x00000000200001b4                g_usart3_rx_sta
 *fill*         0x00000000200001b6        0x2 
 .bss.g_usart3_hal_rx_buffer
                0x00000000200001b8        0x1 ./Core/Src/usart.o
                0x00000000200001b8                g_usart3_hal_rx_buffer
 *fill*         0x00000000200001b9        0x3 
 .bss.g_usart1_rx_buf
                0x00000000200001bc       0xc8 ./Core/Src/usart.o
                0x00000000200001bc                g_usart1_rx_buf
 .bss.g_usart1_rx_sta
                0x0000000020000284        0x2 ./Core/Src/usart.o
                0x0000000020000284                g_usart1_rx_sta
 *fill*         0x0000000020000286        0x2 
 .bss.g_usart1_hal_rx_buffer
                0x0000000020000288        0x1 ./Core/Src/usart.o
                0x0000000020000288                g_usart1_hal_rx_buffer
 *fill*         0x0000000020000289        0x3 
 .bss.huart1    0x000000002000028c       0x44 ./Core/Src/usart.o
                0x000000002000028c                huart1
 .bss.huart3    0x00000000200002d0       0x44 ./Core/Src/usart.o
                0x00000000200002d0                huart3
 .bss.uwTick    0x0000000020000314        0x4 ./Drivers/STM32F4xx_HAL_Driver/Src/stm32f4xx_hal.o
                0x0000000020000314                uwTick
 .bss.__sf      0x0000000020000318      0x138 D:/tools/stm32ide/STM32CubeIDE_1.13.1/STM32CubeIDE/plugins/com.st.stm32cube.ide.mcu.externaltools.gnu-tools-for-stm32.11.3.rel1.win32_1.1.0.202305231506/tools/bin/../lib/gcc/arm-none-eabi/11.3.1/../../../../arm-none-eabi/lib/thumb/v7e-m+fp/hard\libc_nano.a(libc_a-findfp.o)
                0x0000000020000318                __sf
 .bss.__stdio_exit_handler
                0x0000000020000450        0x4 D:/tools/stm32ide/STM32CubeIDE_1.13.1/STM32CubeIDE/plugins/com.st.stm32cube.ide.mcu.externaltools.gnu-tools-for-stm32.11.3.rel1.win32_1.1.0.202305231506/tools/bin/../lib/gcc/arm-none-eabi/11.3.1/../../../../arm-none-eabi/lib/thumb/v7e-m+fp/hard\libc_nano.a(libc_a-findfp.o)
                0x0000000020000450                __stdio_exit_handler
 .bss.errno     0x0000000020000454        0x4 D:/tools/stm32ide/STM32CubeIDE_1.13.1/STM32CubeIDE/plugins/com.st.stm32cube.ide.mcu.externaltools.gnu-tools-for-stm32.11.3.rel1.win32_1.1.0.202305231506/tools/bin/../lib/gcc/arm-none-eabi/11.3.1/../../../../arm-none-eabi/lib/thumb/v7e-m+fp/hard\libc_nano.a(libc_a-reent.o)
                0x0000000020000454                errno
 .bss.__lock___malloc_recursive_mutex
                0x0000000020000458        0x1 D:/tools/stm32ide/STM32CubeIDE_1.13.1/STM32CubeIDE/plugins/com.st.stm32cube.ide.mcu.externaltools.gnu-tools-for-stm32.11.3.rel1.win32_1.1.0.202305231506/tools/bin/../lib/gcc/arm-none-eabi/11.3.1/../../../../arm-none-eabi/lib/thumb/v7e-m+fp/hard\libc_nano.a(libc_a-lock.o)
                0x0000000020000458                __lock___malloc_recursive_mutex
 .bss.__lock___sfp_recursive_mutex
                0x0000000020000459        0x1 D:/tools/stm32ide/STM32CubeIDE_1.13.1/STM32CubeIDE/plugins/com.st.stm32cube.ide.mcu.externaltools.gnu-tools-for-stm32.11.3.rel1.win32_1.1.0.202305231506/tools/bin/../lib/gcc/arm-none-eabi/11.3.1/../../../../arm-none-eabi/lib/thumb/v7e-m+fp/hard\libc_nano.a(libc_a-lock.o)
                0x0000000020000459                __lock___sfp_recursive_mutex
 *fill*         0x000000002000045a        0x2 
 .bss.__malloc_free_list
                0x000000002000045c        0x4 D:/tools/stm32ide/STM32CubeIDE_1.13.1/STM32CubeIDE/plugins/com.st.stm32cube.ide.mcu.externaltools.gnu-tools-for-stm32.11.3.rel1.win32_1.1.0.202305231506/tools/bin/../lib/gcc/arm-none-eabi/11.3.1/../../../../arm-none-eabi/lib/thumb/v7e-m+fp/hard\libc_nano.a(libc_a-mallocr.o)
                0x000000002000045c                __malloc_free_list
 .bss.__malloc_sbrk_start
                0x0000000020000460        0x4 D:/tools/stm32ide/STM32CubeIDE_1.13.1/STM32CubeIDE/plugins/com.st.stm32cube.ide.mcu.externaltools.gnu-tools-for-stm32.11.3.rel1.win32_1.1.0.202305231506/tools/bin/../lib/gcc/arm-none-eabi/11.3.1/../../../../arm-none-eabi/lib/thumb/v7e-m+fp/hard\libc_nano.a(libc_a-mallocr.o)
                0x0000000020000460                __malloc_sbrk_start
 *(COMMON)
                0x0000000020000464                . = ALIGN (0x4)
                0x0000000020000464                _ebss = .
                0x0000000020000464                __bss_end__ = _ebss

._user_heap_stack
                0x0000000020000464      0x604
                0x0000000020000468                . = ALIGN (0x8)
 *fill*         0x0000000020000464        0x4 
                [!provide]                        PROVIDE (end = .)
                0x0000000020000468                PROVIDE (_end = .)
                0x0000000020000668                . = (. + _Min_Heap_Size)
 *fill*         0x0000000020000468      0x200 
                0x0000000020000a68                . = (. + _Min_Stack_Size)
 *fill*         0x0000000020000668      0x400 
                0x0000000020000a68                . = ALIGN (0x8)

/DISCARD/
 libc.a(*)
 libm.a(*)
 libgcc.a(*)

.ARM.attributes
                0x0000000000000000       0x30
 *(.ARM.attributes)
 .ARM.attributes
                0x0000000000000000       0x1e D:/tools/stm32ide/STM32CubeIDE_1.13.1/STM32CubeIDE/plugins/com.st.stm32cube.ide.mcu.externaltools.gnu-tools-for-stm32.11.3.rel1.win32_1.1.0.202305231506/tools/bin/../lib/gcc/arm-none-eabi/11.3.1/thumb/v7e-m+fp/hard/crti.o
 .ARM.attributes
                0x000000000000001e       0x34 D:/tools/stm32ide/STM32CubeIDE_1.13.1/STM32CubeIDE/plugins/com.st.stm32cube.ide.mcu.externaltools.gnu-tools-for-stm32.11.3.rel1.win32_1.1.0.202305231506/tools/bin/../lib/gcc/arm-none-eabi/11.3.1/thumb/v7e-m+fp/hard/crtbegin.o
 .ARM.attributes
                0x0000000000000052       0x34 ./Core/Src/gpio.o
 .ARM.attributes
                0x0000000000000086       0x34 ./Core/Src/main.o
 .ARM.attributes
                0x00000000000000ba       0x34 ./Core/Src/spi.o
 .ARM.attributes
                0x00000000000000ee       0x34 ./Core/Src/stm32f4xx_hal_msp.o
 .ARM.attributes
                0x0000000000000122       0x34 ./Core/Src/stm32f4xx_it.o
 .ARM.attributes
                0x0000000000000156       0x34 ./Core/Src/syscalls.o
 .ARM.attributes
                0x000000000000018a       0x34 ./Core/Src/sysmem.o
 .ARM.attributes
                0x00000000000001be       0x34 ./Core/Src/system_stm32f4xx.o
 .ARM.attributes
                0x00000000000001f2       0x34 ./Core/Src/usart.o
 .ARM.attributes
                0x0000000000000226       0x21 ./Core/Startup/startup_stm32f407zgtx.o
 .ARM.attributes
                0x0000000000000247       0x34 ./Drivers/BSP/NRF24L01P/nrf24l01p.o
 .ARM.attributes
                0x000000000000027b       0x34 ./Drivers/BSP/PLC/plc.o
 .ARM.attributes
                0x00000000000002af       0x34 ./Drivers/STM32F4xx_HAL_Driver/Src/stm32f4xx_hal.o
 .ARM.attributes
                0x00000000000002e3       0x34 ./Drivers/STM32F4xx_HAL_Driver/Src/stm32f4xx_hal_cortex.o
 .ARM.attributes
                0x0000000000000317       0x34 ./Drivers/STM32F4xx_HAL_Driver/Src/stm32f4xx_hal_dma.o
 .ARM.attributes
                0x000000000000034b       0x34 ./Drivers/STM32F4xx_HAL_Driver/Src/stm32f4xx_hal_gpio.o
 .ARM.attributes
                0x000000000000037f       0x34 ./Drivers/STM32F4xx_HAL_Driver/Src/stm32f4xx_hal_rcc.o
 .ARM.attributes
                0x00000000000003b3       0x34 ./Drivers/STM32F4xx_HAL_Driver/Src/stm32f4xx_hal_spi.o
 .ARM.attributes
                0x00000000000003e7       0x34 ./Drivers/STM32F4xx_HAL_Driver/Src/stm32f4xx_hal_uart.o
 .ARM.attributes
                0x000000000000041b       0x34 D:/tools/stm32ide/STM32CubeIDE_1.13.1/STM32CubeIDE/plugins/com.st.stm32cube.ide.mcu.externaltools.gnu-tools-for-stm32.11.3.rel1.win32_1.1.0.202305231506/tools/bin/../lib/gcc/arm-none-eabi/11.3.1/../../../../arm-none-eabi/lib/thumb/v7e-m+fp/hard\libc_nano.a(libc_a-findfp.o)
 .ARM.attributes
                0x000000000000044f       0x34 D:/tools/stm32ide/STM32CubeIDE_1.13.1/STM32CubeIDE/plugins/com.st.stm32cube.ide.mcu.externaltools.gnu-tools-for-stm32.11.3.rel1.win32_1.1.0.202305231506/tools/bin/../lib/gcc/arm-none-eabi/11.3.1/../../../../arm-none-eabi/lib/thumb/v7e-m+fp/hard\libc_nano.a(libc_a-fwalk.o)
 .ARM.attributes
                0x0000000000000483       0x34 D:/tools/stm32ide/STM32CubeIDE_1.13.1/STM32CubeIDE/plugins/com.st.stm32cube.ide.mcu.externaltools.gnu-tools-for-stm32.11.3.rel1.win32_1.1.0.202305231506/tools/bin/../lib/gcc/arm-none-eabi/11.3.1/../../../../arm-none-eabi/lib/thumb/v7e-m+fp/hard\libc_nano.a(libc_a-puts.o)
 .ARM.attributes
                0x00000000000004b7       0x34 D:/tools/stm32ide/STM32CubeIDE_1.13.1/STM32CubeIDE/plugins/com.st.stm32cube.ide.mcu.externaltools.gnu-tools-for-stm32.11.3.rel1.win32_1.1.0.202305231506/tools/bin/../lib/gcc/arm-none-eabi/11.3.1/../../../../arm-none-eabi/lib/thumb/v7e-m+fp/hard\libc_nano.a(libc_a-stdio.o)
 .ARM.attributes
                0x00000000000004eb       0x34 D:/tools/stm32ide/STM32CubeIDE_1.13.1/STM32CubeIDE/plugins/com.st.stm32cube.ide.mcu.externaltools.gnu-tools-for-stm32.11.3.rel1.win32_1.1.0.202305231506/tools/bin/../lib/gcc/arm-none-eabi/11.3.1/../../../../arm-none-eabi/lib/thumb/v7e-m+fp/hard\libc_nano.a(libc_a-wbuf.o)
 .ARM.attributes
                0x000000000000051f       0x34 D:/tools/stm32ide/STM32CubeIDE_1.13.1/STM32CubeIDE/plugins/com.st.stm32cube.ide.mcu.externaltools.gnu-tools-for-stm32.11.3.rel1.win32_1.1.0.202305231506/tools/bin/../lib/gcc/arm-none-eabi/11.3.1/../../../../arm-none-eabi/lib/thumb/v7e-m+fp/hard\libc_nano.a(libc_a-wsetup.o)
 .ARM.attributes
                0x0000000000000553       0x34 D:/tools/stm32ide/STM32CubeIDE_1.13.1/STM32CubeIDE/plugins/com.st.stm32cube.ide.mcu.externaltools.gnu-tools-for-stm32.11.3.rel1.win32_1.1.0.202305231506/tools/bin/../lib/gcc/arm-none-eabi/11.3.1/../../../../arm-none-eabi/lib/thumb/v7e-m+fp/hard\libc_nano.a(libc_a-memset.o)
 .ARM.attributes
                0x0000000000000587       0x34 D:/tools/stm32ide/STM32CubeIDE_1.13.1/STM32CubeIDE/plugins/com.st.stm32cube.ide.mcu.externaltools.gnu-tools-for-stm32.11.3.rel1.win32_1.1.0.202305231506/tools/bin/../lib/gcc/arm-none-eabi/11.3.1/../../../../arm-none-eabi/lib/thumb/v7e-m+fp/hard\libc_nano.a(libc_a-closer.o)
 .ARM.attributes
                0x00000000000005bb       0x34 D:/tools/stm32ide/STM32CubeIDE_1.13.1/STM32CubeIDE/plugins/com.st.stm32cube.ide.mcu.externaltools.gnu-tools-for-stm32.11.3.rel1.win32_1.1.0.202305231506/tools/bin/../lib/gcc/arm-none-eabi/11.3.1/../../../../arm-none-eabi/lib/thumb/v7e-m+fp/hard\libc_nano.a(libc_a-reent.o)
 .ARM.attributes
                0x00000000000005ef       0x34 D:/tools/stm32ide/STM32CubeIDE_1.13.1/STM32CubeIDE/plugins/com.st.stm32cube.ide.mcu.externaltools.gnu-tools-for-stm32.11.3.rel1.win32_1.1.0.202305231506/tools/bin/../lib/gcc/arm-none-eabi/11.3.1/../../../../arm-none-eabi/lib/thumb/v7e-m+fp/hard\libc_nano.a(libc_a-impure.o)
 .ARM.attributes
                0x0000000000000623       0x34 D:/tools/stm32ide/STM32CubeIDE_1.13.1/STM32CubeIDE/plugins/com.st.stm32cube.ide.mcu.externaltools.gnu-tools-for-stm32.11.3.rel1.win32_1.1.0.202305231506/tools/bin/../lib/gcc/arm-none-eabi/11.3.1/../../../../arm-none-eabi/lib/thumb/v7e-m+fp/hard\libc_nano.a(libc_a-lseekr.o)
 .ARM.attributes
                0x0000000000000657       0x34 D:/tools/stm32ide/STM32CubeIDE_1.13.1/STM32CubeIDE/plugins/com.st.stm32cube.ide.mcu.externaltools.gnu-tools-for-stm32.11.3.rel1.win32_1.1.0.202305231506/tools/bin/../lib/gcc/arm-none-eabi/11.3.1/../../../../arm-none-eabi/lib/thumb/v7e-m+fp/hard\libc_nano.a(libc_a-readr.o)
 .ARM.attributes
                0x000000000000068b       0x34 D:/tools/stm32ide/STM32CubeIDE_1.13.1/STM32CubeIDE/plugins/com.st.stm32cube.ide.mcu.externaltools.gnu-tools-for-stm32.11.3.rel1.win32_1.1.0.202305231506/tools/bin/../lib/gcc/arm-none-eabi/11.3.1/../../../../arm-none-eabi/lib/thumb/v7e-m+fp/hard\libc_nano.a(libc_a-writer.o)
 .ARM.attributes
                0x00000000000006bf       0x34 D:/tools/stm32ide/STM32CubeIDE_1.13.1/STM32CubeIDE/plugins/com.st.stm32cube.ide.mcu.externaltools.gnu-tools-for-stm32.11.3.rel1.win32_1.1.0.202305231506/tools/bin/../lib/gcc/arm-none-eabi/11.3.1/../../../../arm-none-eabi/lib/thumb/v7e-m+fp/hard\libc_nano.a(libc_a-errno.o)
 .ARM.attributes
                0x00000000000006f3       0x34 D:/tools/stm32ide/STM32CubeIDE_1.13.1/STM32CubeIDE/plugins/com.st.stm32cube.ide.mcu.externaltools.gnu-tools-for-stm32.11.3.rel1.win32_1.1.0.202305231506/tools/bin/../lib/gcc/arm-none-eabi/11.3.1/../../../../arm-none-eabi/lib/thumb/v7e-m+fp/hard\libc_nano.a(libc_a-init.o)
 .ARM.attributes
                0x0000000000000727       0x34 D:/tools/stm32ide/STM32CubeIDE_1.13.1/STM32CubeIDE/plugins/com.st.stm32cube.ide.mcu.externaltools.gnu-tools-for-stm32.11.3.rel1.win32_1.1.0.202305231506/tools/bin/../lib/gcc/arm-none-eabi/11.3.1/../../../../arm-none-eabi/lib/thumb/v7e-m+fp/hard\libc_nano.a(libc_a-lock.o)
 .ARM.attributes
                0x000000000000075b       0x34 D:/tools/stm32ide/STM32CubeIDE_1.13.1/STM32CubeIDE/plugins/com.st.stm32cube.ide.mcu.externaltools.gnu-tools-for-stm32.11.3.rel1.win32_1.1.0.202305231506/tools/bin/../lib/gcc/arm-none-eabi/11.3.1/../../../../arm-none-eabi/lib/thumb/v7e-m+fp/hard\libc_nano.a(libc_a-freer.o)
 .ARM.attributes
                0x000000000000078f       0x34 D:/tools/stm32ide/STM32CubeIDE_1.13.1/STM32CubeIDE/plugins/com.st.stm32cube.ide.mcu.externaltools.gnu-tools-for-stm32.11.3.rel1.win32_1.1.0.202305231506/tools/bin/../lib/gcc/arm-none-eabi/11.3.1/../../../../arm-none-eabi/lib/thumb/v7e-m+fp/hard\libc_nano.a(libc_a-mallocr.o)
 .ARM.attributes
                0x00000000000007c3       0x34 D:/tools/stm32ide/STM32CubeIDE_1.13.1/STM32CubeIDE/plugins/com.st.stm32cube.ide.mcu.externaltools.gnu-tools-for-stm32.11.3.rel1.win32_1.1.0.202305231506/tools/bin/../lib/gcc/arm-none-eabi/11.3.1/../../../../arm-none-eabi/lib/thumb/v7e-m+fp/hard\libc_nano.a(libc_a-mlock.o)
 .ARM.attributes
                0x00000000000007f7       0x34 D:/tools/stm32ide/STM32CubeIDE_1.13.1/STM32CubeIDE/plugins/com.st.stm32cube.ide.mcu.externaltools.gnu-tools-for-stm32.11.3.rel1.win32_1.1.0.202305231506/tools/bin/../lib/gcc/arm-none-eabi/11.3.1/../../../../arm-none-eabi/lib/thumb/v7e-m+fp/hard\libc_nano.a(libc_a-fflush.o)
 .ARM.attributes
                0x000000000000082b       0x34 D:/tools/stm32ide/STM32CubeIDE_1.13.1/STM32CubeIDE/plugins/com.st.stm32cube.ide.mcu.externaltools.gnu-tools-for-stm32.11.3.rel1.win32_1.1.0.202305231506/tools/bin/../lib/gcc/arm-none-eabi/11.3.1/../../../../arm-none-eabi/lib/thumb/v7e-m+fp/hard\libc_nano.a(libc_a-makebuf.o)
 .ARM.attributes
                0x000000000000085f       0x34 D:/tools/stm32ide/STM32CubeIDE_1.13.1/STM32CubeIDE/plugins/com.st.stm32cube.ide.mcu.externaltools.gnu-tools-for-stm32.11.3.rel1.win32_1.1.0.202305231506/tools/bin/../lib/gcc/arm-none-eabi/11.3.1/../../../../arm-none-eabi/lib/thumb/v7e-m+fp/hard\libc_nano.a(libc_a-fstatr.o)
 .ARM.attributes
                0x0000000000000893       0x34 D:/tools/stm32ide/STM32CubeIDE_1.13.1/STM32CubeIDE/plugins/com.st.stm32cube.ide.mcu.externaltools.gnu-tools-for-stm32.11.3.rel1.win32_1.1.0.202305231506/tools/bin/../lib/gcc/arm-none-eabi/11.3.1/../../../../arm-none-eabi/lib/thumb/v7e-m+fp/hard\libc_nano.a(libc_a-isattyr.o)
 .ARM.attributes
                0x00000000000008c7       0x34 D:/tools/stm32ide/STM32CubeIDE_1.13.1/STM32CubeIDE/plugins/com.st.stm32cube.ide.mcu.externaltools.gnu-tools-for-stm32.11.3.rel1.win32_1.1.0.202305231506/tools/bin/../lib/gcc/arm-none-eabi/11.3.1/../../../../arm-none-eabi/lib/thumb/v7e-m+fp/hard\libc_nano.a(libc_a-sbrkr.o)
 .ARM.attributes
                0x00000000000008fb       0x1e D:/tools/stm32ide/STM32CubeIDE_1.13.1/STM32CubeIDE/plugins/com.st.stm32cube.ide.mcu.externaltools.gnu-tools-for-stm32.11.3.rel1.win32_1.1.0.202305231506/tools/bin/../lib/gcc/arm-none-eabi/11.3.1/thumb/v7e-m+fp/hard\libgcc.a(_aeabi_uldivmod.o)
 .ARM.attributes
                0x0000000000000919       0x34 D:/tools/stm32ide/STM32CubeIDE_1.13.1/STM32CubeIDE/plugins/com.st.stm32cube.ide.mcu.externaltools.gnu-tools-for-stm32.11.3.rel1.win32_1.1.0.202305231506/tools/bin/../lib/gcc/arm-none-eabi/11.3.1/thumb/v7e-m+fp/hard\libgcc.a(_udivmoddi4.o)
 .ARM.attributes
                0x000000000000094d       0x1e D:/tools/stm32ide/STM32CubeIDE_1.13.1/STM32CubeIDE/plugins/com.st.stm32cube.ide.mcu.externaltools.gnu-tools-for-stm32.11.3.rel1.win32_1.1.0.202305231506/tools/bin/../lib/gcc/arm-none-eabi/11.3.1/thumb/v7e-m+fp/hard\libgcc.a(_dvmd_tls.o)
 .ARM.attributes
                0x000000000000096b       0x1e D:/tools/stm32ide/STM32CubeIDE_1.13.1/STM32CubeIDE/plugins/com.st.stm32cube.ide.mcu.externaltools.gnu-tools-for-stm32.11.3.rel1.win32_1.1.0.202305231506/tools/bin/../lib/gcc/arm-none-eabi/11.3.1/thumb/v7e-m+fp/hard/crtn.o
OUTPUT(BMS.elf elf32-littlearm)
LOAD linker stubs
LOAD D:/tools/stm32ide/STM32CubeIDE_1.13.1/STM32CubeIDE/plugins/com.st.stm32cube.ide.mcu.externaltools.gnu-tools-for-stm32.11.3.rel1.win32_1.1.0.202305231506/tools/bin/../lib/gcc/arm-none-eabi/11.3.1/../../../../arm-none-eabi/lib/thumb/v7e-m+fp/hard\libc.a
LOAD D:/tools/stm32ide/STM32CubeIDE_1.13.1/STM32CubeIDE/plugins/com.st.stm32cube.ide.mcu.externaltools.gnu-tools-for-stm32.11.3.rel1.win32_1.1.0.202305231506/tools/bin/../lib/gcc/arm-none-eabi/11.3.1/../../../../arm-none-eabi/lib/thumb/v7e-m+fp/hard\libm.a
LOAD D:/tools/stm32ide/STM32CubeIDE_1.13.1/STM32CubeIDE/plugins/com.st.stm32cube.ide.mcu.externaltools.gnu-tools-for-stm32.11.3.rel1.win32_1.1.0.202305231506/tools/bin/../lib/gcc/arm-none-eabi/11.3.1/thumb/v7e-m+fp/hard\libgcc.a

.comment        0x0000000000000000       0x43
 .comment       0x0000000000000000       0x43 D:/tools/stm32ide/STM32CubeIDE_1.13.1/STM32CubeIDE/plugins/com.st.stm32cube.ide.mcu.externaltools.gnu-tools-for-stm32.11.3.rel1.win32_1.1.0.202305231506/tools/bin/../lib/gcc/arm-none-eabi/11.3.1/thumb/v7e-m+fp/hard/crtbegin.o
                                         0x44 (size before relaxing)
 .comment       0x0000000000000043       0x44 ./Core/Src/gpio.o
 .comment       0x0000000000000043       0x44 ./Core/Src/main.o
 .comment       0x0000000000000043       0x44 ./Core/Src/spi.o
 .comment       0x0000000000000043       0x44 ./Core/Src/stm32f4xx_hal_msp.o
 .comment       0x0000000000000043       0x44 ./Core/Src/stm32f4xx_it.o
 .comment       0x0000000000000043       0x44 ./Core/Src/syscalls.o
 .comment       0x0000000000000043       0x44 ./Core/Src/sysmem.o
 .comment       0x0000000000000043       0x44 ./Core/Src/system_stm32f4xx.o
 .comment       0x0000000000000043       0x44 ./Core/Src/usart.o
 .comment       0x0000000000000043       0x44 ./Drivers/BSP/NRF24L01P/nrf24l01p.o
 .comment       0x0000000000000043       0x44 ./Drivers/BSP/PLC/plc.o
 .comment       0x0000000000000043       0x44 ./Drivers/STM32F4xx_HAL_Driver/Src/stm32f4xx_hal.o
 .comment       0x0000000000000043       0x44 ./Drivers/STM32F4xx_HAL_Driver/Src/stm32f4xx_hal_cortex.o
 .comment       0x0000000000000043       0x44 ./Drivers/STM32F4xx_HAL_Driver/Src/stm32f4xx_hal_dma.o
 .comment       0x0000000000000043       0x44 ./Drivers/STM32F4xx_HAL_Driver/Src/stm32f4xx_hal_gpio.o
 .comment       0x0000000000000043       0x44 ./Drivers/STM32F4xx_HAL_Driver/Src/stm32f4xx_hal_rcc.o
 .comment       0x0000000000000043       0x44 ./Drivers/STM32F4xx_HAL_Driver/Src/stm32f4xx_hal_spi.o
 .comment       0x0000000000000043       0x44 ./Drivers/STM32F4xx_HAL_Driver/Src/stm32f4xx_hal_uart.o

.debug_info     0x0000000000000000     0xbdd1
 .debug_info    0x0000000000000000      0x425 ./Core/Src/gpio.o
 .debug_info    0x0000000000000425      0xc6e ./Core/Src/main.o
 .debug_info    0x0000000000001093      0x9c6 ./Core/Src/spi.o
 .debug_info    0x0000000000001a59      0x27c ./Core/Src/stm32f4xx_hal_msp.o
 .debug_info    0x0000000000001cd5      0x633 ./Core/Src/stm32f4xx_it.o
 .debug_info    0x0000000000002308      0x6a3 ./Core/Src/syscalls.o
 .debug_info    0x00000000000029ab      0x168 ./Core/Src/sysmem.o
 .debug_info    0x0000000000002b13      0x512 ./Core/Src/system_stm32f4xx.o
 .debug_info    0x0000000000003025      0xdbf ./Core/Src/usart.o
 .debug_info    0x0000000000003de4       0x23 ./Core/Startup/startup_stm32f407zgtx.o
 .debug_info    0x0000000000003e07      0x965 ./Drivers/BSP/NRF24L01P/nrf24l01p.o
 .debug_info    0x000000000000476c      0x1c9 ./Drivers/BSP/PLC/plc.o
 .debug_info    0x0000000000004935      0x948 ./Drivers/STM32F4xx_HAL_Driver/Src/stm32f4xx_hal.o
 .debug_info    0x000000000000527d      0xd46 ./Drivers/STM32F4xx_HAL_Driver/Src/stm32f4xx_hal_cortex.o
 .debug_info    0x0000000000005fc3      0x8e7 ./Drivers/STM32F4xx_HAL_Driver/Src/stm32f4xx_hal_dma.o
 .debug_info    0x00000000000068aa      0x6c3 ./Drivers/STM32F4xx_HAL_Driver/Src/stm32f4xx_hal_gpio.o
 .debug_info    0x0000000000006f6d      0x8b1 ./Drivers/STM32F4xx_HAL_Driver/Src/stm32f4xx_hal_rcc.o
 .debug_info    0x000000000000781e     0x15fb ./Drivers/STM32F4xx_HAL_Driver/Src/stm32f4xx_hal_spi.o
 .debug_info    0x0000000000008e19     0x2fb8 ./Drivers/STM32F4xx_HAL_Driver/Src/stm32f4xx_hal_uart.o

.debug_abbrev   0x0000000000000000     0x23ca
 .debug_abbrev  0x0000000000000000      0x152 ./Core/Src/gpio.o
 .debug_abbrev  0x0000000000000152      0x2a0 ./Core/Src/main.o
 .debug_abbrev  0x00000000000003f2      0x22d ./Core/Src/spi.o
 .debug_abbrev  0x000000000000061f       0xf4 ./Core/Src/stm32f4xx_hal_msp.o
 .debug_abbrev  0x0000000000000713      0x177 ./Core/Src/stm32f4xx_it.o
 .debug_abbrev  0x000000000000088a      0x1b6 ./Core/Src/syscalls.o
 .debug_abbrev  0x0000000000000a40       0xbc ./Core/Src/sysmem.o
 .debug_abbrev  0x0000000000000afc      0x11a ./Core/Src/system_stm32f4xx.o
 .debug_abbrev  0x0000000000000c16      0x2aa ./Core/Src/usart.o
 .debug_abbrev  0x0000000000000ec0       0x12 ./Core/Startup/startup_stm32f407zgtx.o
 .debug_abbrev  0x0000000000000ed2      0x23b ./Drivers/BSP/NRF24L01P/nrf24l01p.o
 .debug_abbrev  0x000000000000110d      0x103 ./Drivers/BSP/PLC/plc.o
 .debug_abbrev  0x0000000000001210      0x213 ./Drivers/STM32F4xx_HAL_Driver/Src/stm32f4xx_hal.o
 .debug_abbrev  0x0000000000001423      0x327 ./Drivers/STM32F4xx_HAL_Driver/Src/stm32f4xx_hal_cortex.o
 .debug_abbrev  0x000000000000174a      0x264 ./Drivers/STM32F4xx_HAL_Driver/Src/stm32f4xx_hal_dma.o
 .debug_abbrev  0x00000000000019ae      0x1d4 ./Drivers/STM32F4xx_HAL_Driver/Src/stm32f4xx_hal_gpio.o
 .debug_abbrev  0x0000000000001b82      0x2b6 ./Drivers/STM32F4xx_HAL_Driver/Src/stm32f4xx_hal_rcc.o
 .debug_abbrev  0x0000000000001e38      0x284 ./Drivers/STM32F4xx_HAL_Driver/Src/stm32f4xx_hal_spi.o
 .debug_abbrev  0x00000000000020bc      0x30e ./Drivers/STM32F4xx_HAL_Driver/Src/stm32f4xx_hal_uart.o

.debug_aranges  0x0000000000000000      0xa78
 .debug_aranges
                0x0000000000000000       0x20 ./Core/Src/gpio.o
 .debug_aranges
                0x0000000000000020       0x38 ./Core/Src/main.o
 .debug_aranges
                0x0000000000000058       0x40 ./Core/Src/spi.o
 .debug_aranges
                0x0000000000000098       0x20 ./Core/Src/stm32f4xx_hal_msp.o
 .debug_aranges
                0x00000000000000b8       0x70 ./Core/Src/stm32f4xx_it.o
 .debug_aranges
                0x0000000000000128       0xa8 ./Core/Src/syscalls.o
 .debug_aranges
                0x00000000000001d0       0x20 ./Core/Src/sysmem.o
 .debug_aranges
                0x00000000000001f0       0x28 ./Core/Src/system_stm32f4xx.o
 .debug_aranges
                0x0000000000000218       0x60 ./Core/Src/usart.o
 .debug_aranges
                0x0000000000000278       0x28 ./Core/Startup/startup_stm32f407zgtx.o
 .debug_aranges
                0x00000000000002a0       0x70 ./Drivers/BSP/NRF24L01P/nrf24l01p.o
 .debug_aranges
                0x0000000000000310       0x20 ./Drivers/BSP/PLC/plc.o
 .debug_aranges
                0x0000000000000330       0xf0 ./Drivers/STM32F4xx_HAL_Driver/Src/stm32f4xx_hal.o
 .debug_aranges
                0x0000000000000420      0x118 ./Drivers/STM32F4xx_HAL_Driver/Src/stm32f4xx_hal_cortex.o
 .debug_aranges
                0x0000000000000538       0x90 ./Drivers/STM32F4xx_HAL_Driver/Src/stm32f4xx_hal_dma.o
 .debug_aranges
                0x00000000000005c8       0x58 ./Drivers/STM32F4xx_HAL_Driver/Src/stm32f4xx_hal_gpio.o
 .debug_aranges
                0x0000000000000620       0x88 ./Drivers/STM32F4xx_HAL_Driver/Src/stm32f4xx_hal_rcc.o
 .debug_aranges
                0x00000000000006a8      0x1d0 ./Drivers/STM32F4xx_HAL_Driver/Src/stm32f4xx_hal_spi.o
 .debug_aranges
                0x0000000000000878      0x200 ./Drivers/STM32F4xx_HAL_Driver/Src/stm32f4xx_hal_uart.o

.debug_rnglists
                0x0000000000000000      0x7ea
 .debug_rnglists
                0x0000000000000000       0x14 ./Core/Src/gpio.o
 .debug_rnglists
                0x0000000000000014       0x27 ./Core/Src/main.o
 .debug_rnglists
                0x000000000000003b       0x2d ./Core/Src/spi.o
 .debug_rnglists
                0x0000000000000068       0x13 ./Core/Src/stm32f4xx_hal_msp.o
 .debug_rnglists
                0x000000000000007b       0x4f ./Core/Src/stm32f4xx_it.o
 .debug_rnglists
                0x00000000000000ca       0x79 ./Core/Src/syscalls.o
 .debug_rnglists
                0x0000000000000143       0x13 ./Core/Src/sysmem.o
 .debug_rnglists
                0x0000000000000156       0x1a ./Core/Src/system_stm32f4xx.o
 .debug_rnglists
                0x0000000000000170       0x46 ./Core/Src/usart.o
 .debug_rnglists
                0x00000000000001b6       0x19 ./Core/Startup/startup_stm32f407zgtx.o
 .debug_rnglists
                0x00000000000001cf       0x50 ./Drivers/BSP/NRF24L01P/nrf24l01p.o
 .debug_rnglists
                0x000000000000021f       0x13 ./Drivers/BSP/PLC/plc.o
 .debug_rnglists
                0x0000000000000232       0xaf ./Drivers/STM32F4xx_HAL_Driver/Src/stm32f4xx_hal.o
 .debug_rnglists
                0x00000000000002e1       0xce ./Drivers/STM32F4xx_HAL_Driver/Src/stm32f4xx_hal_cortex.o
 .debug_rnglists
                0x00000000000003af       0x70 ./Drivers/STM32F4xx_HAL_Driver/Src/stm32f4xx_hal_dma.o
 .debug_rnglists
                0x000000000000041f       0x3f ./Drivers/STM32F4xx_HAL_Driver/Src/stm32f4xx_hal_gpio.o
 .debug_rnglists
                0x000000000000045e       0x66 ./Drivers/STM32F4xx_HAL_Driver/Src/stm32f4xx_hal_rcc.o
 .debug_rnglists
                0x00000000000004c4      0x16f ./Drivers/STM32F4xx_HAL_Driver/Src/stm32f4xx_hal_spi.o
 .debug_rnglists
                0x0000000000000633      0x1b7 ./Drivers/STM32F4xx_HAL_Driver/Src/stm32f4xx_hal_uart.o

.debug_macro    0x0000000000000000    0x21f16
 .debug_macro   0x0000000000000000      0x1dd ./Core/Src/gpio.o
 .debug_macro   0x00000000000001dd      0xaa8 ./Core/Src/gpio.o
 .debug_macro   0x0000000000000c85      0x29b ./Core/Src/gpio.o
 .debug_macro   0x0000000000000f20       0x2e ./Core/Src/gpio.o
 .debug_macro   0x0000000000000f4e       0x2f ./Core/Src/gpio.o
 .debug_macro   0x0000000000000f7d       0x22 ./Core/Src/gpio.o
 .debug_macro   0x0000000000000f9f       0x8e ./Core/Src/gpio.o
 .debug_macro   0x000000000000102d       0x51 ./Core/Src/gpio.o
 .debug_macro   0x000000000000107e      0x103 ./Core/Src/gpio.o
 .debug_macro   0x0000000000001181       0x6a ./Core/Src/gpio.o
 .debug_macro   0x00000000000011eb      0x1df ./Core/Src/gpio.o
 .debug_macro   0x00000000000013ca       0x1c ./Core/Src/gpio.o
 .debug_macro   0x00000000000013e6       0x22 ./Core/Src/gpio.o
 .debug_macro   0x0000000000001408       0xd9 ./Core/Src/gpio.o
 .debug_macro   0x00000000000014e1     0x102d ./Core/Src/gpio.o
 .debug_macro   0x000000000000250e      0x11f ./Core/Src/gpio.o
 .debug_macro   0x000000000000262d    0x15e82 ./Core/Src/gpio.o
 .debug_macro   0x00000000000184af       0x6d ./Core/Src/gpio.o
 .debug_macro   0x000000000001851c     0x367e ./Core/Src/gpio.o
 .debug_macro   0x000000000001bb9a      0x174 ./Core/Src/gpio.o
 .debug_macro   0x000000000001bd0e       0x5c ./Core/Src/gpio.o
 .debug_macro   0x000000000001bd6a      0x96b ./Core/Src/gpio.o
 .debug_macro   0x000000000001c6d5      0x9fe ./Core/Src/gpio.o
 .debug_macro   0x000000000001d0d3      0x115 ./Core/Src/gpio.o
 .debug_macro   0x000000000001d1e8      0x13e ./Core/Src/gpio.o
 .debug_macro   0x000000000001d326       0xa5 ./Core/Src/gpio.o
 .debug_macro   0x000000000001d3cb      0x174 ./Core/Src/gpio.o
 .debug_macro   0x000000000001d53f      0x287 ./Core/Src/gpio.o
 .debug_macro   0x000000000001d7c6       0x5f ./Core/Src/gpio.o
 .debug_macro   0x000000000001d825      0x236 ./Core/Src/gpio.o
 .debug_macro   0x000000000001da5b      0x12c ./Core/Src/gpio.o
 .debug_macro   0x000000000001db87      0x21e ./Core/Src/gpio.o
 .debug_macro   0x000000000001dda5       0x2e ./Core/Src/gpio.o
 .debug_macro   0x000000000001ddd3      0x11a ./Core/Src/gpio.o
 .debug_macro   0x000000000001deed       0x7e ./Core/Src/gpio.o
 .debug_macro   0x000000000001df6b       0x89 ./Core/Src/gpio.o
 .debug_macro   0x000000000001dff4      0x225 ./Core/Src/gpio.o
 .debug_macro   0x000000000001e219      0x295 ./Core/Src/gpio.o
 .debug_macro   0x000000000001e4ae      0x12d ./Core/Src/gpio.o
 .debug_macro   0x000000000001e5db       0x46 ./Core/Src/gpio.o
 .debug_macro   0x000000000001e621      0x2db ./Core/Src/main.o
 .debug_macro   0x000000000001e8fc       0x61 ./Core/Src/main.o
 .debug_macro   0x000000000001e95d       0x2a ./Core/Src/main.o
 .debug_macro   0x000000000001e987       0x43 ./Core/Src/main.o
 .debug_macro   0x000000000001e9ca       0x34 ./Core/Src/main.o
 .debug_macro   0x000000000001e9fe       0x16 ./Core/Src/main.o
 .debug_macro   0x000000000001ea14       0x35 ./Core/Src/main.o
 .debug_macro   0x000000000001ea49      0x369 ./Core/Src/main.o
 .debug_macro   0x000000000001edb2       0x10 ./Core/Src/main.o
 .debug_macro   0x000000000001edc2       0x16 ./Core/Src/main.o
 .debug_macro   0x000000000001edd8       0x43 ./Core/Src/main.o
 .debug_macro   0x000000000001ee1b       0x34 ./Core/Src/main.o
 .debug_macro   0x000000000001ee4f       0x10 ./Core/Src/main.o
 .debug_macro   0x000000000001ee5f       0x58 ./Core/Src/main.o
 .debug_macro   0x000000000001eeb7       0x8e ./Core/Src/main.o
 .debug_macro   0x000000000001ef45       0x1c ./Core/Src/main.o
 .debug_macro   0x000000000001ef61      0x177 ./Core/Src/main.o
 .debug_macro   0x000000000001f0d8       0x16 ./Core/Src/main.o
 .debug_macro   0x000000000001f0ee       0x16 ./Core/Src/main.o
 .debug_macro   0x000000000001f104      0x147 ./Core/Src/main.o
 .debug_macro   0x000000000001f24b       0x10 ./Core/Src/main.o
 .debug_macro   0x000000000001f25b       0xee ./Core/Src/main.o
 .debug_macro   0x000000000001f349      0x1dd ./Core/Src/spi.o
 .debug_macro   0x000000000001f526      0x1d3 ./Core/Src/stm32f4xx_hal_msp.o
 .debug_macro   0x000000000001f6f9      0x1dd ./Core/Src/stm32f4xx_it.o
 .debug_macro   0x000000000001f8d6      0x274 ./Core/Src/syscalls.o
 .debug_macro   0x000000000001fb4a       0x5b ./Core/Src/syscalls.o
 .debug_macro   0x000000000001fba5       0x94 ./Core/Src/syscalls.o
 .debug_macro   0x000000000001fc39       0x57 ./Core/Src/syscalls.o
 .debug_macro   0x000000000001fc90       0x10 ./Core/Src/syscalls.o
 .debug_macro   0x000000000001fca0       0x10 ./Core/Src/syscalls.o
 .debug_macro   0x000000000001fcb0       0x10 ./Core/Src/syscalls.o
 .debug_macro   0x000000000001fcc0       0x10 ./Core/Src/syscalls.o
 .debug_macro   0x000000000001fcd0       0x1c ./Core/Src/syscalls.o
 .debug_macro   0x000000000001fcec       0x52 ./Core/Src/syscalls.o
 .debug_macro   0x000000000001fd3e       0x22 ./Core/Src/syscalls.o
 .debug_macro   0x000000000001fd60       0x10 ./Core/Src/syscalls.o
 .debug_macro   0x000000000001fd70       0x52 ./Core/Src/syscalls.o
 .debug_macro   0x000000000001fdc2       0xcf ./Core/Src/syscalls.o
 .debug_macro   0x000000000001fe91       0x1c ./Core/Src/syscalls.o
 .debug_macro   0x000000000001fead       0x3d ./Core/Src/syscalls.o
 .debug_macro   0x000000000001feea       0x35 ./Core/Src/syscalls.o
 .debug_macro   0x000000000001ff1f      0x12c ./Core/Src/syscalls.o
 .debug_macro   0x000000000002004b       0x16 ./Core/Src/syscalls.o
 .debug_macro   0x0000000000020061       0x16 ./Core/Src/syscalls.o
 .debug_macro   0x0000000000020077       0x29 ./Core/Src/syscalls.o
 .debug_macro   0x00000000000200a0       0x10 ./Core/Src/syscalls.o
 .debug_macro   0x00000000000200b0      0x242 ./Core/Src/syscalls.o
 .debug_macro   0x00000000000202f2       0x1c ./Core/Src/syscalls.o
 .debug_macro   0x000000000002030e       0x10 ./Core/Src/syscalls.o
 .debug_macro   0x000000000002031e      0x18a ./Core/Src/syscalls.o
 .debug_macro   0x00000000000204a8       0x16 ./Core/Src/syscalls.o
 .debug_macro   0x00000000000204be       0xce ./Core/Src/syscalls.o
 .debug_macro   0x000000000002058c       0xff ./Core/Src/sysmem.o
 .debug_macro   0x000000000002068b      0x23c ./Core/Src/sysmem.o
 .debug_macro   0x00000000000208c7      0x1c4 ./Core/Src/system_stm32f4xx.o
 .debug_macro   0x0000000000020a8b      0x2da ./Core/Src/usart.o
 .debug_macro   0x0000000000020d65      0x1f0 ./Drivers/BSP/NRF24L01P/nrf24l01p.o
 .debug_macro   0x0000000000020f55       0xe8 ./Drivers/BSP/NRF24L01P/nrf24l01p.o
 .debug_macro   0x000000000002103d      0x1dd ./Drivers/BSP/PLC/plc.o
 .debug_macro   0x000000000002121a      0x224 ./Drivers/STM32F4xx_HAL_Driver/Src/stm32f4xx_hal.o
 .debug_macro   0x000000000002143e      0x1c4 ./Drivers/STM32F4xx_HAL_Driver/Src/stm32f4xx_hal_cortex.o
 .debug_macro   0x0000000000021602      0x1ca ./Drivers/STM32F4xx_HAL_Driver/Src/stm32f4xx_hal_dma.o
 .debug_macro   0x00000000000217cc      0x1ca ./Drivers/STM32F4xx_HAL_Driver/Src/stm32f4xx_hal_gpio.o
 .debug_macro   0x0000000000021996      0x1e8 ./Drivers/STM32F4xx_HAL_Driver/Src/stm32f4xx_hal_rcc.o
 .debug_macro   0x0000000000021b7e      0x1d3 ./Drivers/STM32F4xx_HAL_Driver/Src/stm32f4xx_hal_spi.o
 .debug_macro   0x0000000000021d51      0x1c5 ./Drivers/STM32F4xx_HAL_Driver/Src/stm32f4xx_hal_uart.o

.debug_line     0x0000000000000000     0xe571
 .debug_line    0x0000000000000000      0x770 ./Core/Src/gpio.o
 .debug_line    0x0000000000000770      0xacb ./Core/Src/main.o
 .debug_line    0x000000000000123b      0x7f3 ./Core/Src/spi.o
 .debug_line    0x0000000000001a2e      0x72e ./Core/Src/stm32f4xx_hal_msp.o
 .debug_line    0x000000000000215c      0x81f ./Core/Src/stm32f4xx_it.o
 .debug_line    0x000000000000297b      0xa5a ./Core/Src/syscalls.o
 .debug_line    0x00000000000033d5      0x672 ./Core/Src/sysmem.o
 .debug_line    0x0000000000003a47      0x7ae ./Core/Src/system_stm32f4xx.o
 .debug_line    0x00000000000041f5      0xbd2 ./Core/Src/usart.o
 .debug_line    0x0000000000004dc7       0x7a ./Core/Startup/startup_stm32f407zgtx.o
 .debug_line    0x0000000000004e41      0x940 ./Drivers/BSP/NRF24L01P/nrf24l01p.o
 .debug_line    0x0000000000005781      0x731 ./Drivers/BSP/PLC/plc.o
 .debug_line    0x0000000000005eb2      0xa14 ./Drivers/STM32F4xx_HAL_Driver/Src/stm32f4xx_hal.o
 .debug_line    0x00000000000068c6      0xcc3 ./Drivers/STM32F4xx_HAL_Driver/Src/stm32f4xx_hal_cortex.o
 .debug_line    0x0000000000007589      0xf78 ./Drivers/STM32F4xx_HAL_Driver/Src/stm32f4xx_hal_dma.o
 .debug_line    0x0000000000008501      0xb88 ./Drivers/STM32F4xx_HAL_Driver/Src/stm32f4xx_hal_gpio.o
 .debug_line    0x0000000000009089      0xd8d ./Drivers/STM32F4xx_HAL_Driver/Src/stm32f4xx_hal_rcc.o
 .debug_line    0x0000000000009e16     0x1ca5 ./Drivers/STM32F4xx_HAL_Driver/Src/stm32f4xx_hal_spi.o
 .debug_line    0x000000000000babb     0x2ab6 ./Drivers/STM32F4xx_HAL_Driver/Src/stm32f4xx_hal_uart.o

.debug_str      0x0000000000000000    0xc658e
 .debug_str     0x0000000000000000    0xbdc97 ./Core/Src/gpio.o
                                      0xbdf1b (size before relaxing)
 .debug_str     0x00000000000bdc97     0x416f ./Core/Src/main.o
                                      0xc206b (size before relaxing)
 .debug_str     0x00000000000c1e06      0x21b ./Core/Src/spi.o
                                      0xbe3f7 (size before relaxing)
 .debug_str     0x00000000000c2021       0x49 ./Core/Src/stm32f4xx_hal_msp.o
                                      0xbde6d (size before relaxing)
 .debug_str     0x00000000000c206a      0x108 ./Core/Src/stm32f4xx_it.o
                                      0xbe277 (size before relaxing)
 .debug_str     0x00000000000c2172     0x20e8 ./Core/Src/syscalls.o
                                       0x98af (size before relaxing)
 .debug_str     0x00000000000c425a       0x6b ./Core/Src/sysmem.o
                                       0x6066 (size before relaxing)
 .debug_str     0x00000000000c42c5       0xdb ./Core/Src/system_stm32f4xx.o
                                      0xbde0f (size before relaxing)
 .debug_str     0x00000000000c43a0      0x6a2 ./Core/Src/usart.o
                                      0xc21e4 (size before relaxing)
 .debug_str     0x00000000000c4a42       0x34 ./Core/Startup/startup_stm32f407zgtx.o
                                         0x78 (size before relaxing)
 .debug_str     0x00000000000c4a76       0xbf ./Drivers/BSP/NRF24L01P/nrf24l01p.o
                                      0xbe6ca (size before relaxing)
 .debug_str     0x00000000000c4b35       0x19 ./Drivers/BSP/PLC/plc.o
                                      0xbddee (size before relaxing)
 .debug_str     0x00000000000c4b4e      0x5d3 ./Drivers/STM32F4xx_HAL_Driver/Src/stm32f4xx_hal.o
                                      0xbe993 (size before relaxing)
 .debug_str     0x00000000000c5121      0x327 ./Drivers/STM32F4xx_HAL_Driver/Src/stm32f4xx_hal_cortex.o
                                      0xbe6c6 (size before relaxing)
 .debug_str     0x00000000000c5448      0x31a ./Drivers/STM32F4xx_HAL_Driver/Src/stm32f4xx_hal_dma.o
                                      0xbe229 (size before relaxing)
 .debug_str     0x00000000000c5762       0xfd ./Drivers/STM32F4xx_HAL_Driver/Src/stm32f4xx_hal_gpio.o
                                      0xbdf8a (size before relaxing)
 .debug_str     0x00000000000c585f      0x233 ./Drivers/STM32F4xx_HAL_Driver/Src/stm32f4xx_hal_rcc.o
                                      0xbe243 (size before relaxing)
 .debug_str     0x00000000000c5a92      0x55a ./Drivers/STM32F4xx_HAL_Driver/Src/stm32f4xx_hal_spi.o
                                      0xbe6d3 (size before relaxing)
 .debug_str     0x00000000000c5fec      0x5a2 ./Drivers/STM32F4xx_HAL_Driver/Src/stm32f4xx_hal_uart.o
                                      0xbe7e2 (size before relaxing)

.debug_frame    0x0000000000000000     0x2f08
 .debug_frame   0x0000000000000000       0x34 ./Core/Src/gpio.o
 .debug_frame   0x0000000000000034       0x94 ./Core/Src/main.o
 .debug_frame   0x00000000000000c8       0xc0 ./Core/Src/spi.o
 .debug_frame   0x0000000000000188       0x34 ./Core/Src/stm32f4xx_hal_msp.o
 .debug_frame   0x00000000000001bc      0x13c ./Core/Src/stm32f4xx_it.o
 .debug_frame   0x00000000000002f8      0x2ac ./Core/Src/syscalls.o
 .debug_frame   0x00000000000005a4       0x34 ./Core/Src/sysmem.o
 .debug_frame   0x00000000000005d8       0x58 ./Core/Src/system_stm32f4xx.o
 .debug_frame   0x0000000000000630      0x144 ./Core/Src/usart.o
 .debug_frame   0x0000000000000774      0x180 ./Drivers/BSP/NRF24L01P/nrf24l01p.o
 .debug_frame   0x00000000000008f4       0x34 ./Drivers/BSP/PLC/plc.o
 .debug_frame   0x0000000000000928      0x374 ./Drivers/STM32F4xx_HAL_Driver/Src/stm32f4xx_hal.o
 .debug_frame   0x0000000000000c9c      0x498 ./Drivers/STM32F4xx_HAL_Driver/Src/stm32f4xx_hal_cortex.o
 .debug_frame   0x0000000000001134      0x250 ./Drivers/STM32F4xx_HAL_Driver/Src/stm32f4xx_hal_dma.o
 .debug_frame   0x0000000000001384      0x14c ./Drivers/STM32F4xx_HAL_Driver/Src/stm32f4xx_hal_gpio.o
 .debug_frame   0x00000000000014d0      0x1f4 ./Drivers/STM32F4xx_HAL_Driver/Src/stm32f4xx_hal_rcc.o
 .debug_frame   0x00000000000016c4      0x824 ./Drivers/STM32F4xx_HAL_Driver/Src/stm32f4xx_hal_spi.o
 .debug_frame   0x0000000000001ee8      0x92c ./Drivers/STM32F4xx_HAL_Driver/Src/stm32f4xx_hal_uart.o
 .debug_frame   0x0000000000002814      0x13c D:/tools/stm32ide/STM32CubeIDE_1.13.1/STM32CubeIDE/plugins/com.st.stm32cube.ide.mcu.externaltools.gnu-tools-for-stm32.11.3.rel1.win32_1.1.0.202305231506/tools/bin/../lib/gcc/arm-none-eabi/11.3.1/../../../../arm-none-eabi/lib/thumb/v7e-m+fp/hard\libc_nano.a(libc_a-findfp.o)
 .debug_frame   0x0000000000002950       0x34 D:/tools/stm32ide/STM32CubeIDE_1.13.1/STM32CubeIDE/plugins/com.st.stm32cube.ide.mcu.externaltools.gnu-tools-for-stm32.11.3.rel1.win32_1.1.0.202305231506/tools/bin/../lib/gcc/arm-none-eabi/11.3.1/../../../../arm-none-eabi/lib/thumb/v7e-m+fp/hard\libc_nano.a(libc_a-fwalk.o)
 .debug_frame   0x0000000000002984       0x3c D:/tools/stm32ide/STM32CubeIDE_1.13.1/STM32CubeIDE/plugins/com.st.stm32cube.ide.mcu.externaltools.gnu-tools-for-stm32.11.3.rel1.win32_1.1.0.202305231506/tools/bin/../lib/gcc/arm-none-eabi/11.3.1/../../../../arm-none-eabi/lib/thumb/v7e-m+fp/hard\libc_nano.a(libc_a-puts.o)
 .debug_frame   0x00000000000029c0       0x88 D:/tools/stm32ide/STM32CubeIDE_1.13.1/STM32CubeIDE/plugins/com.st.stm32cube.ide.mcu.externaltools.gnu-tools-for-stm32.11.3.rel1.win32_1.1.0.202305231506/tools/bin/../lib/gcc/arm-none-eabi/11.3.1/../../../../arm-none-eabi/lib/thumb/v7e-m+fp/hard\libc_nano.a(libc_a-stdio.o)
 .debug_frame   0x0000000000002a48       0x40 D:/tools/stm32ide/STM32CubeIDE_1.13.1/STM32CubeIDE/plugins/com.st.stm32cube.ide.mcu.externaltools.gnu-tools-for-stm32.11.3.rel1.win32_1.1.0.202305231506/tools/bin/../lib/gcc/arm-none-eabi/11.3.1/../../../../arm-none-eabi/lib/thumb/v7e-m+fp/hard\libc_nano.a(libc_a-wbuf.o)
 .debug_frame   0x0000000000002a88       0x2c D:/tools/stm32ide/STM32CubeIDE_1.13.1/STM32CubeIDE/plugins/com.st.stm32cube.ide.mcu.externaltools.gnu-tools-for-stm32.11.3.rel1.win32_1.1.0.202305231506/tools/bin/../lib/gcc/arm-none-eabi/11.3.1/../../../../arm-none-eabi/lib/thumb/v7e-m+fp/hard\libc_nano.a(libc_a-wsetup.o)